<?xml version="1.0" encoding="ISO-8859-1" ?>
<link_info>
   <banner>MSP430 Linker PC v21.6.0.LTS</banner>
   <copyright>Copyright (c) 2003-2018 Texas Instruments Incorporated</copyright>
   <link_time>0x6269abd4</link_time>
   <link_errors>0x0</link_errors>
   <output_file>winch-system.out</output_file>
   <entry_point>
      <name>_c_int00_noargs_mpu</name>
      <address>0xcb40</address>
   </entry_point>
   <input_file_list>
      <input_file id="fl-2">
         <path>.\</path>
         <kind>object</kind>
         <file>debug.obj</file>
         <name>debug.obj</name>
      </input_file>
      <input_file id="fl-3">
         <path>.\</path>
         <kind>object</kind>
         <file>gearmotor.obj</file>
         <name>gearmotor.obj</name>
      </input_file>
      <input_file id="fl-4">
         <path>.\</path>
         <kind>object</kind>
         <file>main.obj</file>
         <name>main.obj</name>
      </input_file>
      <input_file id="fl-5">
         <path>.\</path>
         <kind>object</kind>
         <file>motor.obj</file>
         <name>motor.obj</name>
      </input_file>
      <input_file id="fl-6">
         <path>.\</path>
         <kind>object</kind>
         <file>pawl.obj</file>
         <name>pawl.obj</name>
      </input_file>
      <input_file id="fl-7">
         <path>.\</path>
         <kind>object</kind>
         <file>spi.obj</file>
         <name>spi.obj</name>
      </input_file>
      <input_file id="fl-8">
         <path>.\</path>
         <kind>object</kind>
         <file>statemachine.obj</file>
         <name>statemachine.obj</name>
      </input_file>
      <input_file id="fl-9">
         <path>.\</path>
         <kind>object</kind>
         <file>uart.obj</file>
         <name>uart.obj</name>
      </input_file>
      <input_file id="fl-10">
         <kind>object</kind>
         <file>&lt;internal&gt;</file>
         <name>&lt;internal&gt;</name>
      </input_file>
      <input_file id="fl-30">
         <path>C:\ti\ccs1110\ccs\tools\compiler\ti-cgt-msp430_21.6.0.LTS\lib\</path>
         <kind>archive</kind>
         <file>rts430x_lc_sd_eabi.lib</file>
         <name>copy_decompress_lzss.c.obj</name>
      </input_file>
      <input_file id="fl-31">
         <path>C:\ti\ccs1110\ccs\tools\compiler\ti-cgt-msp430_21.6.0.LTS\lib\</path>
         <kind>archive</kind>
         <file>rts430x_lc_sd_eabi.lib</file>
         <name>copy_decompress_none.c.obj</name>
      </input_file>
      <input_file id="fl-32">
         <path>C:\ti\ccs1110\ccs\tools\compiler\ti-cgt-msp430_21.6.0.LTS\lib\</path>
         <kind>archive</kind>
         <file>rts430x_lc_sd_eabi.lib</file>
         <name>int31.asm.obj</name>
      </input_file>
      <input_file id="fl-33">
         <path>C:\ti\ccs1110\ccs\tools\compiler\ti-cgt-msp430_21.6.0.LTS\lib\</path>
         <kind>archive</kind>
         <file>rts430x_lc_sd_eabi.lib</file>
         <name>isr_trap.asm.obj</name>
      </input_file>
      <input_file id="fl-34">
         <path>C:\ti\ccs1110\ccs\tools\compiler\ti-cgt-msp430_21.6.0.LTS\lib\</path>
         <kind>archive</kind>
         <file>rts430x_lc_sd_eabi.lib</file>
         <name>int32.asm.obj</name>
      </input_file>
      <input_file id="fl-35">
         <path>C:\ti\ccs1110\ccs\tools\compiler\ti-cgt-msp430_21.6.0.LTS\lib\</path>
         <kind>archive</kind>
         <file>rts430x_lc_sd_eabi.lib</file>
         <name>int33.asm.obj</name>
      </input_file>
      <input_file id="fl-36">
         <path>C:\ti\ccs1110\ccs\tools\compiler\ti-cgt-msp430_21.6.0.LTS\lib\</path>
         <kind>archive</kind>
         <file>rts430x_lc_sd_eabi.lib</file>
         <name>int34.asm.obj</name>
      </input_file>
      <input_file id="fl-37">
         <path>C:\ti\ccs1110\ccs\tools\compiler\ti-cgt-msp430_21.6.0.LTS\lib\</path>
         <kind>archive</kind>
         <file>rts430x_lc_sd_eabi.lib</file>
         <name>int35.asm.obj</name>
      </input_file>
      <input_file id="fl-38">
         <path>C:\ti\ccs1110\ccs\tools\compiler\ti-cgt-msp430_21.6.0.LTS\lib\</path>
         <kind>archive</kind>
         <file>rts430x_lc_sd_eabi.lib</file>
         <name>int36.asm.obj</name>
      </input_file>
      <input_file id="fl-39">
         <path>C:\ti\ccs1110\ccs\tools\compiler\ti-cgt-msp430_21.6.0.LTS\lib\</path>
         <kind>archive</kind>
         <file>rts430x_lc_sd_eabi.lib</file>
         <name>int37.asm.obj</name>
      </input_file>
      <input_file id="fl-3a">
         <path>C:\ti\ccs1110\ccs\tools\compiler\ti-cgt-msp430_21.6.0.LTS\lib\</path>
         <kind>archive</kind>
         <file>rts430x_lc_sd_eabi.lib</file>
         <name>int39.asm.obj</name>
      </input_file>
      <input_file id="fl-3b">
         <path>C:\ti\ccs1110\ccs\tools\compiler\ti-cgt-msp430_21.6.0.LTS\lib\</path>
         <kind>archive</kind>
         <file>rts430x_lc_sd_eabi.lib</file>
         <name>int40.asm.obj</name>
      </input_file>
      <input_file id="fl-3c">
         <path>C:\ti\ccs1110\ccs\tools\compiler\ti-cgt-msp430_21.6.0.LTS\lib\</path>
         <kind>archive</kind>
         <file>rts430x_lc_sd_eabi.lib</file>
         <name>int42.asm.obj</name>
      </input_file>
      <input_file id="fl-3d">
         <path>C:\ti\ccs1110\ccs\tools\compiler\ti-cgt-msp430_21.6.0.LTS\lib\</path>
         <kind>archive</kind>
         <file>rts430x_lc_sd_eabi.lib</file>
         <name>int44.asm.obj</name>
      </input_file>
      <input_file id="fl-3e">
         <path>C:\ti\ccs1110\ccs\tools\compiler\ti-cgt-msp430_21.6.0.LTS\lib\</path>
         <kind>archive</kind>
         <file>rts430x_lc_sd_eabi.lib</file>
         <name>int45.asm.obj</name>
      </input_file>
      <input_file id="fl-3f">
         <path>C:\ti\ccs1110\ccs\tools\compiler\ti-cgt-msp430_21.6.0.LTS\lib\</path>
         <kind>archive</kind>
         <file>rts430x_lc_sd_eabi.lib</file>
         <name>int46.asm.obj</name>
      </input_file>
      <input_file id="fl-40">
         <path>C:\ti\ccs1110\ccs\tools\compiler\ti-cgt-msp430_21.6.0.LTS\lib\</path>
         <kind>archive</kind>
         <file>rts430x_lc_sd_eabi.lib</file>
         <name>int47.asm.obj</name>
      </input_file>
      <input_file id="fl-41">
         <path>C:\ti\ccs1110\ccs\tools\compiler\ti-cgt-msp430_21.6.0.LTS\lib\</path>
         <kind>archive</kind>
         <file>rts430x_lc_sd_eabi.lib</file>
         <name>int48.asm.obj</name>
      </input_file>
      <input_file id="fl-42">
         <path>C:\ti\ccs1110\ccs\tools\compiler\ti-cgt-msp430_21.6.0.LTS\lib\</path>
         <kind>archive</kind>
         <file>rts430x_lc_sd_eabi.lib</file>
         <name>int49.asm.obj</name>
      </input_file>
      <input_file id="fl-43">
         <path>C:\ti\ccs1110\ccs\tools\compiler\ti-cgt-msp430_21.6.0.LTS\lib\</path>
         <kind>archive</kind>
         <file>rts430x_lc_sd_eabi.lib</file>
         <name>int50.asm.obj</name>
      </input_file>
      <input_file id="fl-44">
         <path>C:\ti\ccs1110\ccs\tools\compiler\ti-cgt-msp430_21.6.0.LTS\lib\</path>
         <kind>archive</kind>
         <file>rts430x_lc_sd_eabi.lib</file>
         <name>int51.asm.obj</name>
      </input_file>
      <input_file id="fl-45">
         <path>C:\ti\ccs1110\ccs\tools\compiler\ti-cgt-msp430_21.6.0.LTS\lib\</path>
         <kind>archive</kind>
         <file>rts430x_lc_sd_eabi.lib</file>
         <name>int52.asm.obj</name>
      </input_file>
      <input_file id="fl-46">
         <path>C:\ti\ccs1110\ccs\tools\compiler\ti-cgt-msp430_21.6.0.LTS\lib\</path>
         <kind>archive</kind>
         <file>rts430x_lc_sd_eabi.lib</file>
         <name>int53.asm.obj</name>
      </input_file>
      <input_file id="fl-47">
         <path>C:\ti\ccs1110\ccs\tools\compiler\ti-cgt-msp430_21.6.0.LTS\lib\</path>
         <kind>archive</kind>
         <file>rts430x_lc_sd_eabi.lib</file>
         <name>int54.asm.obj</name>
      </input_file>
      <input_file id="fl-48">
         <path>C:\ti\ccs1110\ccs\tools\compiler\ti-cgt-msp430_21.6.0.LTS\lib\</path>
         <kind>archive</kind>
         <file>rts430x_lc_sd_eabi.lib</file>
         <name>copy_zero_init.c.obj</name>
      </input_file>
      <input_file id="fl-49">
         <path>C:\ti\ccs1110\ccs\tools\compiler\ti-cgt-msp430_21.6.0.LTS\lib\</path>
         <kind>archive</kind>
         <file>rts430x_lc_sd_eabi.lib</file>
         <name>cpy_util.asm.obj</name>
      </input_file>
      <input_file id="fl-4a">
         <path>C:\ti\ccs1110\ccs\tools\compiler\ti-cgt-msp430_21.6.0.LTS\lib\</path>
         <kind>archive</kind>
         <file>rts430x_lc_sd_eabi.lib</file>
         <name>div16u.asm.obj</name>
      </input_file>
      <input_file id="fl-4b">
         <path>C:\ti\ccs1110\ccs\tools\compiler\ti-cgt-msp430_21.6.0.LTS\lib\</path>
         <kind>archive</kind>
         <file>rts430x_lc_sd_eabi.lib</file>
         <name>mult16.asm.obj</name>
      </input_file>
      <input_file id="fl-4c">
         <path>C:\ti\ccs1110\ccs\tools\compiler\ti-cgt-msp430_21.6.0.LTS\lib\</path>
         <kind>archive</kind>
         <file>rts430x_lc_sd_eabi.lib</file>
         <name>mult16_f5hw.asm.obj</name>
      </input_file>
      <input_file id="fl-4d">
         <path>C:\ti\ccs1110\ccs\tools\compiler\ti-cgt-msp430_21.6.0.LTS\lib\</path>
         <kind>archive</kind>
         <file>rts430x_lc_sd_eabi.lib</file>
         <name>mult32_f5hw.asm.obj</name>
      </input_file>
      <input_file id="fl-4e">
         <path>C:\ti\ccs1110\ccs\tools\compiler\ti-cgt-msp430_21.6.0.LTS\lib\</path>
         <kind>archive</kind>
         <file>rts430x_lc_sd_eabi.lib</file>
         <name>mult64_f5hw.asm.obj</name>
      </input_file>
      <input_file id="fl-4f">
         <path>C:\ti\ccs1110\ccs\tools\compiler\ti-cgt-msp430_21.6.0.LTS\lib\</path>
         <kind>archive</kind>
         <file>rts430x_lc_sd_eabi.lib</file>
         <name>mult1632_f5hw.asm.obj</name>
      </input_file>
      <input_file id="fl-50">
         <path>C:\ti\ccs1110\ccs\tools\compiler\ti-cgt-msp430_21.6.0.LTS\lib\</path>
         <kind>archive</kind>
         <file>rts430x_lc_sd_eabi.lib</file>
         <name>mult3264_f5hw.asm.obj</name>
      </input_file>
      <input_file id="fl-51">
         <path>C:\ti\ccs1110\ccs\tools\compiler\ti-cgt-msp430_21.6.0.LTS\lib\</path>
         <kind>archive</kind>
         <file>rts430x_lc_sd_eabi.lib</file>
         <name>lsl16.asm.obj</name>
      </input_file>
      <input_file id="fl-52">
         <path>C:\ti\ccs1110\ccs\tools\compiler\ti-cgt-msp430_21.6.0.LTS\lib\</path>
         <kind>archive</kind>
         <file>rts430x_lc_sd_eabi.lib</file>
         <name>asr16.asm.obj</name>
      </input_file>
      <input_file id="fl-53">
         <path>C:\ti\ccs1110\ccs\tools\compiler\ti-cgt-msp430_21.6.0.LTS\lib\</path>
         <kind>archive</kind>
         <file>rts430x_lc_sd_eabi.lib</file>
         <name>boot.c.obj</name>
      </input_file>
      <input_file id="fl-54">
         <path>C:\ti\ccs1110\ccs\ccs_base\msp430\lib\FR57xx\</path>
         <kind>archive</kind>
         <file>MPU_INIT_FR57XX_LIB_CCS_msp430_large_code_small_data.lib</file>
         <name>mpu_init_fr57xx.obj</name>
      </input_file>
      <input_file id="fl-55">
         <path>C:\ti\ccs1110\ccs\tools\compiler\ti-cgt-msp430_21.6.0.LTS\lib\</path>
         <kind>archive</kind>
         <file>rts430x_lc_sd_eabi.lib</file>
         <name>args_main.c.obj</name>
      </input_file>
      <input_file id="fl-56">
         <path>C:\ti\ccs1110\ccs\tools\compiler\ti-cgt-msp430_21.6.0.LTS\lib\</path>
         <kind>archive</kind>
         <file>rts430x_lc_sd_eabi.lib</file>
         <name>autoinit.c.obj</name>
      </input_file>
      <input_file id="fl-57">
         <path>C:\ti\ccs1110\ccs\tools\compiler\ti-cgt-msp430_21.6.0.LTS\lib\</path>
         <kind>archive</kind>
         <file>rts430x_lc_sd_eabi.lib</file>
         <name>startup.c.obj</name>
      </input_file>
      <input_file id="fl-58">
         <path>C:\ti\ccs1110\ccs\tools\compiler\ti-cgt-msp430_21.6.0.LTS\lib\</path>
         <kind>archive</kind>
         <file>rts430x_lc_sd_eabi.lib</file>
         <name>pre_init.c.obj</name>
      </input_file>
      <input_file id="fl-59">
         <path>C:\ti\ccs1110\ccs\tools\compiler\ti-cgt-msp430_21.6.0.LTS\lib\</path>
         <kind>archive</kind>
         <file>rts430x_lc_sd_eabi.lib</file>
         <name>cpy_tbl.c.obj</name>
      </input_file>
      <input_file id="fl-5a">
         <path>C:\ti\ccs1110\ccs\tools\compiler\ti-cgt-msp430_21.6.0.LTS\lib\</path>
         <kind>archive</kind>
         <file>rts430x_lc_sd_eabi.lib</file>
         <name>exit.c.obj</name>
      </input_file>
      <input_file id="fl-5b">
         <path>C:\ti\ccs1110\ccs\tools\compiler\ti-cgt-msp430_21.6.0.LTS\lib\</path>
         <kind>archive</kind>
         <file>rts430x_lc_sd_eabi.lib</file>
         <name>exit_gvars.c.obj</name>
      </input_file>
      <input_file id="fl-5c">
         <path>C:\ti\ccs1110\ccs\tools\compiler\ti-cgt-msp430_21.6.0.LTS\lib\</path>
         <kind>archive</kind>
         <file>rts430x_lc_sd_eabi.lib</file>
         <name>_lock.c.obj</name>
      </input_file>
      <input_file id="fl-5d">
         <path>C:\ti\ccs1110\ccs\tools\compiler\ti-cgt-msp430_21.6.0.LTS\lib\</path>
         <kind>archive</kind>
         <file>rts430x_lc_sd_eabi.lib</file>
         <name>memcpy.c.obj</name>
      </input_file>
      <input_file id="fl-5e">
         <path>C:\ti\ccs1110\ccs\tools\compiler\ti-cgt-msp430_21.6.0.LTS\lib\</path>
         <kind>archive</kind>
         <file>rts430x_lc_sd_eabi.lib</file>
         <name>memset.c.obj</name>
      </input_file>
      <input_file id="fl-5f">
         <path>C:\ti\ccs1110\ccs\tools\compiler\ti-cgt-msp430_21.6.0.LTS\lib\</path>
         <kind>archive</kind>
         <file>rts430x_lc_sd_eabi.lib</file>
         <name>strcpy.c.obj</name>
      </input_file>
      <input_file id="fl-60">
         <path>C:\ti\ccs1110\ccs\tools\compiler\ti-cgt-msp430_21.6.0.LTS\lib\</path>
         <kind>archive</kind>
         <file>rts430x_lc_sd_eabi.lib</file>
         <name>vsprintf.c.obj</name>
      </input_file>
      <input_file id="fl-61">
         <path>C:\ti\ccs1110\ccs\tools\compiler\ti-cgt-msp430_21.6.0.LTS\lib\</path>
         <kind>archive</kind>
         <file>rts430x_lc_sd_eabi.lib</file>
         <name>_printfi.c.obj</name>
      </input_file>
      <input_file id="fl-62">
         <path>C:\ti\ccs1110\ccs\tools\compiler\ti-cgt-msp430_21.6.0.LTS\lib\</path>
         <kind>archive</kind>
         <file>rts430x_lc_sd_eabi.lib</file>
         <name>_ltoa.c.obj</name>
      </input_file>
      <input_file id="fl-63">
         <path>C:\ti\ccs1110\ccs\tools\compiler\ti-cgt-msp430_21.6.0.LTS\lib\</path>
         <kind>archive</kind>
         <file>rts430x_lc_sd_eabi.lib</file>
         <name>cmpd.c.obj</name>
      </input_file>
      <input_file id="fl-64">
         <path>C:\ti\ccs1110\ccs\tools\compiler\ti-cgt-msp430_21.6.0.LTS\lib\</path>
         <kind>archive</kind>
         <file>rts430x_lc_sd_eabi.lib</file>
         <name>divd.c.obj</name>
      </input_file>
      <input_file id="fl-65">
         <path>C:\ti\ccs1110\ccs\tools\compiler\ti-cgt-msp430_21.6.0.LTS\lib\</path>
         <kind>archive</kind>
         <file>rts430x_lc_sd_eabi.lib</file>
         <name>frcdivd.c.obj</name>
      </input_file>
      <input_file id="fl-66">
         <path>C:\ti\ccs1110\ccs\tools\compiler\ti-cgt-msp430_21.6.0.LTS\lib\</path>
         <kind>archive</kind>
         <file>rts430x_lc_sd_eabi.lib</file>
         <name>div32s.asm.obj</name>
      </input_file>
      <input_file id="fl-67">
         <path>C:\ti\ccs1110\ccs\tools\compiler\ti-cgt-msp430_21.6.0.LTS\lib\</path>
         <kind>archive</kind>
         <file>rts430x_lc_sd_eabi.lib</file>
         <name>div32u.asm.obj</name>
      </input_file>
      <input_file id="fl-68">
         <path>C:\ti\ccs1110\ccs\tools\compiler\ti-cgt-msp430_21.6.0.LTS\lib\</path>
         <kind>archive</kind>
         <file>rts430x_lc_sd_eabi.lib</file>
         <name>div64u.c.obj</name>
      </input_file>
      <input_file id="fl-69">
         <path>C:\ti\ccs1110\ccs\tools\compiler\ti-cgt-msp430_21.6.0.LTS\lib\</path>
         <kind>archive</kind>
         <file>rts430x_lc_sd_eabi.lib</file>
         <name>fixdi.c.obj</name>
      </input_file>
      <input_file id="fl-6a">
         <path>C:\ti\ccs1110\ccs\tools\compiler\ti-cgt-msp430_21.6.0.LTS\lib\</path>
         <kind>archive</kind>
         <file>rts430x_lc_sd_eabi.lib</file>
         <name>fixdli.c.obj</name>
      </input_file>
      <input_file id="fl-6b">
         <path>C:\ti\ccs1110\ccs\tools\compiler\ti-cgt-msp430_21.6.0.LTS\lib\</path>
         <kind>archive</kind>
         <file>rts430x_lc_sd_eabi.lib</file>
         <name>fltid.c.obj</name>
      </input_file>
      <input_file id="fl-6c">
         <path>C:\ti\ccs1110\ccs\tools\compiler\ti-cgt-msp430_21.6.0.LTS\lib\</path>
         <kind>archive</kind>
         <file>rts430x_lc_sd_eabi.lib</file>
         <name>fltlid.c.obj</name>
      </input_file>
      <input_file id="fl-6d">
         <path>C:\ti\ccs1110\ccs\tools\compiler\ti-cgt-msp430_21.6.0.LTS\lib\</path>
         <kind>archive</kind>
         <file>rts430x_lc_sd_eabi.lib</file>
         <name>mpyd.c.obj</name>
      </input_file>
      <input_file id="fl-6e">
         <path>C:\ti\ccs1110\ccs\tools\compiler\ti-cgt-msp430_21.6.0.LTS\lib\</path>
         <kind>archive</kind>
         <file>rts430x_lc_sd_eabi.lib</file>
         <name>frcmpyd.c.obj</name>
      </input_file>
      <input_file id="fl-6f">
         <path>C:\ti\ccs1110\ccs\tools\compiler\ti-cgt-msp430_21.6.0.LTS\lib\</path>
         <kind>archive</kind>
         <file>rts430x_lc_sd_eabi.lib</file>
         <name>mult32.asm.obj</name>
      </input_file>
      <input_file id="fl-70">
         <path>C:\ti\ccs1110\ccs\tools\compiler\ti-cgt-msp430_21.6.0.LTS\lib\</path>
         <kind>archive</kind>
         <file>rts430x_lc_sd_eabi.lib</file>
         <name>mult64.asm.obj</name>
      </input_file>
      <input_file id="fl-71">
         <path>C:\ti\ccs1110\ccs\tools\compiler\ti-cgt-msp430_21.6.0.LTS\lib\</path>
         <kind>archive</kind>
         <file>rts430x_lc_sd_eabi.lib</file>
         <name>mult1632.asm.obj</name>
      </input_file>
      <input_file id="fl-72">
         <path>C:\ti\ccs1110\ccs\tools\compiler\ti-cgt-msp430_21.6.0.LTS\lib\</path>
         <kind>archive</kind>
         <file>rts430x_lc_sd_eabi.lib</file>
         <name>mult3264.asm.obj</name>
      </input_file>
      <input_file id="fl-73">
         <path>C:\ti\ccs1110\ccs\tools\compiler\ti-cgt-msp430_21.6.0.LTS\lib\</path>
         <kind>archive</kind>
         <file>rts430x_lc_sd_eabi.lib</file>
         <name>negd.c.obj</name>
      </input_file>
      <input_file id="fl-74">
         <path>C:\ti\ccs1110\ccs\tools\compiler\ti-cgt-msp430_21.6.0.LTS\lib\</path>
         <kind>archive</kind>
         <file>rts430x_lc_sd_eabi.lib</file>
         <name>lsl32.asm.obj</name>
      </input_file>
      <input_file id="fl-75">
         <path>C:\ti\ccs1110\ccs\tools\compiler\ti-cgt-msp430_21.6.0.LTS\lib\</path>
         <kind>archive</kind>
         <file>rts430x_lc_sd_eabi.lib</file>
         <name>lsl64.c.obj</name>
      </input_file>
      <input_file id="fl-76">
         <path>C:\ti\ccs1110\ccs\tools\compiler\ti-cgt-msp430_21.6.0.LTS\lib\</path>
         <kind>archive</kind>
         <file>rts430x_lc_sd_eabi.lib</file>
         <name>asr32.asm.obj</name>
      </input_file>
      <input_file id="fl-77">
         <path>C:\ti\ccs1110\ccs\tools\compiler\ti-cgt-msp430_21.6.0.LTS\lib\</path>
         <kind>archive</kind>
         <file>rts430x_lc_sd_eabi.lib</file>
         <name>lsr32.asm.obj</name>
      </input_file>
      <input_file id="fl-78">
         <path>C:\ti\ccs1110\ccs\tools\compiler\ti-cgt-msp430_21.6.0.LTS\lib\</path>
         <kind>archive</kind>
         <file>rts430x_lc_sd_eabi.lib</file>
         <name>lsr64.c.obj</name>
      </input_file>
      <input_file id="fl-79">
         <path>C:\ti\ccs1110\ccs\tools\compiler\ti-cgt-msp430_21.6.0.LTS\lib\</path>
         <kind>archive</kind>
         <file>rts430x_lc_sd_eabi.lib</file>
         <name>subd.c.obj</name>
      </input_file>
      <input_file id="fl-7a">
         <path>C:\ti\ccs1110\ccs\tools\compiler\ti-cgt-msp430_21.6.0.LTS\lib\</path>
         <kind>archive</kind>
         <file>rts430x_lc_sd_eabi.lib</file>
         <name>addd.c.obj</name>
      </input_file>
      <input_file id="fl-7b">
         <path>C:\ti\ccs1110\ccs\tools\compiler\ti-cgt-msp430_21.6.0.LTS\lib\</path>
         <kind>archive</kind>
         <file>rts430x_lc_sd_eabi.lib</file>
         <name>asr64.c.obj</name>
      </input_file>
      <input_file id="fl-7c">
         <path>C:\ti\ccs1110\ccs\tools\compiler\ti-cgt-msp430_21.6.0.LTS\lib\</path>
         <kind>archive</kind>
         <file>rts430x_lc_sd_eabi.lib</file>
         <name>abs.c.obj</name>
      </input_file>
      <input_file id="fl-7d">
         <path>C:\ti\ccs1110\ccs\tools\compiler\ti-cgt-msp430_21.6.0.LTS\lib\</path>
         <kind>archive</kind>
         <file>rts430x_lc_sd_eabi.lib</file>
         <name>atoi.c.obj</name>
      </input_file>
      <input_file id="fl-7e">
         <path>C:\ti\ccs1110\ccs\tools\compiler\ti-cgt-msp430_21.6.0.LTS\lib\</path>
         <kind>archive</kind>
         <file>rts430x_lc_sd_eabi.lib</file>
         <name>ctype.c.obj</name>
      </input_file>
      <input_file id="fl-7f">
         <path>C:\ti\ccs1110\ccs\tools\compiler\ti-cgt-msp430_21.6.0.LTS\lib\</path>
         <kind>archive</kind>
         <file>rts430x_lc_sd_eabi.lib</file>
         <name>errno.c.obj</name>
      </input_file>
      <input_file id="fl-80">
         <path>C:\ti\ccs1110\ccs\tools\compiler\ti-cgt-msp430_21.6.0.LTS\lib\</path>
         <kind>archive</kind>
         <file>rts430x_lc_sd_eabi.lib</file>
         <name>s_frexp.c.obj</name>
      </input_file>
      <input_file id="fl-81">
         <path>C:\ti\ccs1110\ccs\tools\compiler\ti-cgt-msp430_21.6.0.LTS\lib\</path>
         <kind>archive</kind>
         <file>rts430x_lc_sd_eabi.lib</file>
         <name>s_scalbn.c.obj</name>
      </input_file>
      <input_file id="fl-82">
         <path>C:\ti\ccs1110\ccs\tools\compiler\ti-cgt-msp430_21.6.0.LTS\lib\</path>
         <kind>archive</kind>
         <file>rts430x_lc_sd_eabi.lib</file>
         <name>s_copysign.c.obj</name>
      </input_file>
      <input_file id="fl-83">
         <path>C:\ti\ccs1110\ccs\tools\compiler\ti-cgt-msp430_21.6.0.LTS\lib\</path>
         <kind>archive</kind>
         <file>rts430x_lc_sd_eabi.lib</file>
         <name>memccpy.c.obj</name>
      </input_file>
      <input_file id="fl-84">
         <path>C:\ti\ccs1110\ccs\tools\compiler\ti-cgt-msp430_21.6.0.LTS\lib\</path>
         <kind>archive</kind>
         <file>rts430x_lc_sd_eabi.lib</file>
         <name>strchr.c.obj</name>
      </input_file>
      <input_file id="fl-85">
         <path>C:\ti\ccs1110\ccs\tools\compiler\ti-cgt-msp430_21.6.0.LTS\lib\</path>
         <kind>archive</kind>
         <file>rts430x_lc_sd_eabi.lib</file>
         <name>strlen.c.obj</name>
      </input_file>
      <input_file id="fl-86">
         <path>C:\ti\ccs1110\ccs\tools\compiler\ti-cgt-msp430_21.6.0.LTS\lib\</path>
         <kind>archive</kind>
         <file>rts430x_lc_sd_eabi.lib</file>
         <name>toupper.c.obj</name>
      </input_file>
      <input_file id="fl-87">
         <path>C:\ti\ccs1110\ccs\tools\compiler\ti-cgt-msp430_21.6.0.LTS\lib\</path>
         <kind>archive</kind>
         <file>rts430x_lc_sd_eabi.lib</file>
         <name>wcslen.c.obj</name>
      </input_file>
   </input_file_list>
   <object_component_list>
      <object_component id="oc-574">
         <name>__TI_handler_table</name>
         <load_address>0xc200</load_address>
         <run_address>0xc200</run_address>
         <size>0xc</size>
      </object_component>
      <object_component id="oc-577">
         <name>.cinit..data.load</name>
         <load_address>0xc20c</load_address>
         <run_address>0xc20c</run_address>
         <size>0xb</size>
      </object_component>
      <object_component id="oc-576">
         <name>.cinit..bss.load</name>
         <load_address>0xc218</load_address>
         <run_address>0xc218</run_address>
         <size>0x6</size>
      </object_component>
      <object_component id="oc-575">
         <name>__TI_cinit_table</name>
         <load_address>0xc21e</load_address>
         <run_address>0xc21e</run_address>
         <size>0x10</size>
      </object_component>
      <object_component id="oc-50d">
         <name>.binit</name>
         <load_address>0xc22e</load_address>
         <run_address>0xc22e</run_address>
         <size>0x0</size>
      </object_component>
      <object_component id="oc-4d5">
         <name>.const:.string</name>
         <load_address>0xc22e</load_address>
         <run_address>0xc22e</run_address>
         <size>0x26</size>
         <input_file_ref idref="fl-61"/>
      </object_component>
      <object_component id="oc-38a">
         <name>.const:.string</name>
         <load_address>0xc254</load_address>
         <run_address>0xc254</run_address>
         <size>0x8</size>
         <input_file_ref idref="fl-4"/>
      </object_component>
      <object_component id="oc-4b5">
         <name>.text:__TI_printfi_minimal:_setfield___TI_printfi_minimal</name>
         <load_address>0xc400</load_address>
         <run_address>0xc400</run_address>
         <size>0x10e</size>
         <input_file_ref idref="fl-61"/>
      </object_component>
      <object_component id="oc-6e">
         <name>.text:decompress:lzss:__TI_decompress_lzss</name>
         <load_address>0xc50e</load_address>
         <run_address>0xc50e</run_address>
         <size>0xee</size>
         <input_file_ref idref="fl-30"/>
      </object_component>
      <object_component id="oc-468">
         <name>.text:__TI_printfi_minimal:__TI_printfi_minimal</name>
         <load_address>0xc5fc</load_address>
         <run_address>0xc5fc</run_address>
         <size>0xe2</size>
         <input_file_ref idref="fl-61"/>
      </object_component>
      <object_component id="oc-4d6">
         <name>.text:__TI_printfi_minimal:_pproc_diouxp___TI_printfi_minimal</name>
         <load_address>0xc6de</load_address>
         <run_address>0xc6de</run_address>
         <size>0xc4</size>
         <input_file_ref idref="fl-61"/>
      </object_component>
      <object_component id="oc-33f">
         <name>.text:update_buffer</name>
         <load_address>0xc7a2</load_address>
         <run_address>0xc7a2</run_address>
         <size>0x74</size>
         <input_file_ref idref="fl-9"/>
      </object_component>
      <object_component id="oc-3b6">
         <name>.text:__TI_auto_init_nobinit_nopinit_hold_wdt:__TI_auto_init_nobinit_nopinit_hold_wdt</name>
         <load_address>0xc816</load_address>
         <run_address>0xc816</run_address>
         <size>0x6a</size>
         <input_file_ref idref="fl-56"/>
      </object_component>
      <object_component id="oc-3e4">
         <name>.text:init_gearmotor</name>
         <load_address>0xc880</load_address>
         <run_address>0xc880</run_address>
         <size>0x64</size>
         <input_file_ref idref="fl-3"/>
      </object_component>
      <object_component id="oc-3de">
         <name>.text:init_spi</name>
         <load_address>0xc8e4</load_address>
         <run_address>0xc8e4</run_address>
         <size>0x5c</size>
         <input_file_ref idref="fl-7"/>
      </object_component>
      <object_component id="oc-3f0">
         <name>.text:init_Main_Motor</name>
         <load_address>0xc940</load_address>
         <run_address>0xc940</run_address>
         <size>0x4a</size>
         <input_file_ref idref="fl-5"/>
      </object_component>
      <object_component id="oc-2c4">
         <name>.text:__memcpy_far</name>
         <load_address>0xc98a</load_address>
         <run_address>0xc98a</run_address>
         <size>0x40</size>
         <input_file_ref idref="fl-49"/>
      </object_component>
      <object_component id="oc-2e7">
         <name>.text:decompress:ZI:__TI_zero_init_nomemset:__TI_zero_init_nomemset</name>
         <load_address>0xc9ca</load_address>
         <run_address>0xc9ca</run_address>
         <size>0x3e</size>
         <input_file_ref idref="fl-48"/>
      </object_component>
      <object_component id="oc-74">
         <name>.text:decompress:none:__TI_decompress_none</name>
         <load_address>0xca08</load_address>
         <run_address>0xca08</run_address>
         <size>0x3c</size>
         <input_file_ref idref="fl-31"/>
      </object_component>
      <object_component id="oc-3fd">
         <name>.text:vsprintf</name>
         <load_address>0xca44</load_address>
         <run_address>0xca44</run_address>
         <size>0x34</size>
         <input_file_ref idref="fl-60"/>
      </object_component>
      <object_component id="oc-3ea">
         <name>.text:init_uart</name>
         <load_address>0xca78</load_address>
         <run_address>0xca78</run_address>
         <size>0x30</size>
         <input_file_ref idref="fl-9"/>
      </object_component>
      <object_component id="oc-38b">
         <name>.text:dbg_printf</name>
         <load_address>0xcaa8</load_address>
         <run_address>0xcaa8</run_address>
         <size>0x2c</size>
         <input_file_ref idref="fl-2"/>
      </object_component>
      <object_component id="oc-2d5">
         <name>.text:_isr:TIMER1_B0_ISR</name>
         <load_address>0xcad4</load_address>
         <run_address>0xcad4</run_address>
         <size>0x28</size>
         <input_file_ref idref="fl-5"/>
      </object_component>
      <object_component id="oc-365">
         <name>.text:__mpu_init</name>
         <load_address>0xcafc</load_address>
         <run_address>0xcafc</run_address>
         <size>0x22</size>
         <input_file_ref idref="fl-54"/>
      </object_component>
      <object_component id="oc-4dc">
         <name>.text:memccpy</name>
         <load_address>0xcb1e</load_address>
         <run_address>0xcb1e</run_address>
         <size>0x22</size>
         <input_file_ref idref="fl-83"/>
      </object_component>
      <object_component id="oc-311">
         <name>.text:_isr:_c_int00_noargs_mpu</name>
         <load_address>0xcb40</load_address>
         <run_address>0xcb40</run_address>
         <size>0x20</size>
         <input_file_ref idref="fl-53"/>
      </object_component>
      <object_component id="oc-338">
         <name>.text:stopGearMotor</name>
         <load_address>0xcb60</load_address>
         <run_address>0xcb60</run_address>
         <size>0x20</size>
         <input_file_ref idref="fl-3"/>
      </object_component>
      <object_component id="oc-331">
         <name>.text:stopMainMotor</name>
         <load_address>0xcb80</load_address>
         <run_address>0xcb80</run_address>
         <size>0x1e</size>
         <input_file_ref idref="fl-5"/>
      </object_component>
      <object_component id="oc-353">
         <name>.text:main</name>
         <load_address>0xcb9e</load_address>
         <run_address>0xcb9e</run_address>
         <size>0x1a</size>
         <input_file_ref idref="fl-4"/>
      </object_component>
      <object_component id="oc-45c">
         <name>.text:_outs</name>
         <load_address>0xcbb8</load_address>
         <run_address>0xcbb8</run_address>
         <size>0x18</size>
         <input_file_ref idref="fl-60"/>
      </object_component>
      <object_component id="oc-384">
         <name>.text:init</name>
         <load_address>0xcbd0</load_address>
         <run_address>0xcbd0</run_address>
         <size>0x18</size>
         <input_file_ref idref="fl-4"/>
      </object_component>
      <object_component id="oc-403">
         <name>.text:putString</name>
         <load_address>0xcbe8</load_address>
         <run_address>0xcbe8</run_address>
         <size>0x18</size>
         <input_file_ref idref="fl-9"/>
      </object_component>
      <object_component id="oc-499">
         <name>.text</name>
         <load_address>0xcc00</load_address>
         <run_address>0xcc00</run_address>
         <size>0x18</size>
         <input_file_ref idref="fl-4c"/>
      </object_component>
      <object_component id="oc-2e1">
         <name>.text:_isr:USCI_A1_ISR</name>
         <load_address>0xcc18</load_address>
         <run_address>0xcc18</run_address>
         <size>0x16</size>
         <input_file_ref idref="fl-9"/>
      </object_component>
      <object_component id="oc-4f3">
         <name>.text</name>
         <load_address>0xcc2e</load_address>
         <run_address>0xcc2e</run_address>
         <size>0x16</size>
         <input_file_ref idref="fl-4a"/>
      </object_component>
      <object_component id="oc-3f7">
         <name>.text:memset</name>
         <load_address>0xcc44</load_address>
         <run_address>0xcc44</run_address>
         <size>0x14</size>
         <input_file_ref idref="fl-5e"/>
      </object_component>
      <object_component id="oc-462">
         <name>.text:_outc</name>
         <load_address>0xcc58</load_address>
         <run_address>0xcc58</run_address>
         <size>0x12</size>
         <input_file_ref idref="fl-60"/>
      </object_component>
      <object_component id="oc-49e">
         <name>.text:memcpy</name>
         <load_address>0xcc6a</load_address>
         <run_address>0xcc6a</run_address>
         <size>0x12</size>
         <input_file_ref idref="fl-5d"/>
      </object_component>
      <object_component id="oc-2db">
         <name>.text:_isr:TIMER1_A0_ISR</name>
         <load_address>0xcc7c</load_address>
         <run_address>0xcc7c</run_address>
         <size>0xe</size>
         <input_file_ref idref="fl-3"/>
      </object_component>
      <object_component id="oc-4af">
         <name>.text:strlen</name>
         <load_address>0xcc8a</load_address>
         <run_address>0xcc8a</run_address>
         <size>0xe</size>
         <input_file_ref idref="fl-85"/>
      </object_component>
      <object_component id="oc-2d0">
         <name>.text:_isr:__TI_ISR_TRAP</name>
         <load_address>0xcc98</load_address>
         <run_address>0xcc98</run_address>
         <size>0x8</size>
         <input_file_ref idref="fl-33"/>
      </object_component>
      <object_component id="oc-392">
         <name>.text:abort</name>
         <load_address>0xcca0</load_address>
         <run_address>0xcca0</run_address>
         <size>0x6</size>
         <input_file_ref idref="fl-5a"/>
      </object_component>
      <object_component id="oc-34d">
         <name>.text:_system_pre_init</name>
         <load_address>0xcca6</load_address>
         <run_address>0xcca6</run_address>
         <size>0x4</size>
         <input_file_ref idref="fl-58"/>
      </object_component>
      <object_component id="oc-422">
         <name>.text:_system_post_cinit</name>
         <load_address>0xccaa</load_address>
         <run_address>0xccaa</run_address>
         <size>0x2</size>
         <input_file_ref idref="fl-57"/>
      </object_component>
      <object_component id="oc-32e">
         <name>.common:motor_increment</name>
         <uninitialized>true</uninitialized>
         <run_address>0x1c0a</run_address>
         <size>0x2</size>
      </object_component>
      <object_component id="oc-376">
         <name>.common:motor_state</name>
         <uninitialized>true</uninitialized>
         <run_address>0x1c0c</run_address>
         <size>0x2</size>
      </object_component>
      <object_component id="oc-378">
         <name>.data</name>
         <load_address>0x1c06</load_address>
         <run_address>0x1c06</run_address>
         <size>0x2</size>
         <input_file_ref idref="fl-3"/>
      </object_component>
      <object_component id="oc-37c">
         <name>.data</name>
         <load_address>0x1c00</load_address>
         <run_address>0x1c00</run_address>
         <size>0x6</size>
         <input_file_ref idref="fl-9"/>
      </object_component>
      <object_component id="oc-37f">
         <name>.data:rxbuf</name>
         <load_address>0x1c08</load_address>
         <run_address>0x1c08</run_address>
         <size>0x2</size>
         <input_file_ref idref="fl-9"/>
      </object_component>
      <object_component id="oc-2b5">
         <name>.stack</name>
         <uninitialized>true</uninitialized>
         <run_address>0x1f60</run_address>
         <size>0x2</size>
         <input_file_ref idref="fl-53"/>
      </object_component>
      <object_component id="oc-578">
         <name>.stack</name>
         <uninitialized>true</uninitialized>
         <run_address>0x1f60</run_address>
         <size>0x0</size>
      </object_component>
      <object_component id="oc-7a">
         <name>.int31</name>
         <load_address>0xffce</load_address>
         <run_address>0xffce</run_address>
         <size>0x2</size>
         <input_file_ref idref="fl-32"/>
      </object_component>
      <object_component id="oc-7b">
         <name>.int32</name>
         <load_address>0xffd0</load_address>
         <run_address>0xffd0</run_address>
         <size>0x2</size>
         <input_file_ref idref="fl-34"/>
      </object_component>
      <object_component id="oc-7c">
         <name>.int33</name>
         <load_address>0xffd2</load_address>
         <run_address>0xffd2</run_address>
         <size>0x2</size>
         <input_file_ref idref="fl-35"/>
      </object_component>
      <object_component id="oc-7d">
         <name>.int34</name>
         <load_address>0xffd4</load_address>
         <run_address>0xffd4</run_address>
         <size>0x2</size>
         <input_file_ref idref="fl-36"/>
      </object_component>
      <object_component id="oc-7e">
         <name>.int35</name>
         <load_address>0xffd6</load_address>
         <run_address>0xffd6</run_address>
         <size>0x2</size>
         <input_file_ref idref="fl-37"/>
      </object_component>
      <object_component id="oc-7f">
         <name>.int36</name>
         <load_address>0xffd8</load_address>
         <run_address>0xffd8</run_address>
         <size>0x2</size>
         <input_file_ref idref="fl-38"/>
      </object_component>
      <object_component id="oc-80">
         <name>.int37</name>
         <load_address>0xffda</load_address>
         <run_address>0xffda</run_address>
         <size>0x2</size>
         <input_file_ref idref="fl-39"/>
      </object_component>
      <object_component id="oc-81">
         <name>.int38</name>
         <load_address>0xffdc</load_address>
         <run_address>0xffdc</run_address>
         <size>0x2</size>
         <input_file_ref idref="fl-5"/>
      </object_component>
      <object_component id="oc-82">
         <name>.int39</name>
         <load_address>0xffde</load_address>
         <run_address>0xffde</run_address>
         <size>0x2</size>
         <input_file_ref idref="fl-3a"/>
      </object_component>
      <object_component id="oc-83">
         <name>.int40</name>
         <load_address>0xffe0</load_address>
         <run_address>0xffe0</run_address>
         <size>0x2</size>
         <input_file_ref idref="fl-3b"/>
      </object_component>
      <object_component id="oc-84">
         <name>.int41</name>
         <load_address>0xffe2</load_address>
         <run_address>0xffe2</run_address>
         <size>0x2</size>
         <input_file_ref idref="fl-3"/>
      </object_component>
      <object_component id="oc-85">
         <name>.int42</name>
         <load_address>0xffe4</load_address>
         <run_address>0xffe4</run_address>
         <size>0x2</size>
         <input_file_ref idref="fl-3c"/>
      </object_component>
      <object_component id="oc-86">
         <name>.int43</name>
         <load_address>0xffe6</load_address>
         <run_address>0xffe6</run_address>
         <size>0x2</size>
         <input_file_ref idref="fl-9"/>
      </object_component>
      <object_component id="oc-87">
         <name>.int44</name>
         <load_address>0xffe8</load_address>
         <run_address>0xffe8</run_address>
         <size>0x2</size>
         <input_file_ref idref="fl-3d"/>
      </object_component>
      <object_component id="oc-88">
         <name>.int45</name>
         <load_address>0xffea</load_address>
         <run_address>0xffea</run_address>
         <size>0x2</size>
         <input_file_ref idref="fl-3e"/>
      </object_component>
      <object_component id="oc-89">
         <name>.int46</name>
         <load_address>0xffec</load_address>
         <run_address>0xffec</run_address>
         <size>0x2</size>
         <input_file_ref idref="fl-3f"/>
      </object_component>
      <object_component id="oc-8a">
         <name>.int47</name>
         <load_address>0xffee</load_address>
         <run_address>0xffee</run_address>
         <size>0x2</size>
         <input_file_ref idref="fl-40"/>
      </object_component>
      <object_component id="oc-8b">
         <name>.int48</name>
         <load_address>0xfff0</load_address>
         <run_address>0xfff0</run_address>
         <size>0x2</size>
         <input_file_ref idref="fl-41"/>
      </object_component>
      <object_component id="oc-8c">
         <name>.int49</name>
         <load_address>0xfff2</load_address>
         <run_address>0xfff2</run_address>
         <size>0x2</size>
         <input_file_ref idref="fl-42"/>
      </object_component>
      <object_component id="oc-8d">
         <name>.int50</name>
         <load_address>0xfff4</load_address>
         <run_address>0xfff4</run_address>
         <size>0x2</size>
         <input_file_ref idref="fl-43"/>
      </object_component>
      <object_component id="oc-8e">
         <name>.int51</name>
         <load_address>0xfff6</load_address>
         <run_address>0xfff6</run_address>
         <size>0x2</size>
         <input_file_ref idref="fl-44"/>
      </object_component>
      <object_component id="oc-8f">
         <name>.int52</name>
         <load_address>0xfff8</load_address>
         <run_address>0xfff8</run_address>
         <size>0x2</size>
         <input_file_ref idref="fl-45"/>
      </object_component>
      <object_component id="oc-90">
         <name>.int53</name>
         <load_address>0xfffa</load_address>
         <run_address>0xfffa</run_address>
         <size>0x2</size>
         <input_file_ref idref="fl-46"/>
      </object_component>
      <object_component id="oc-91">
         <name>.int54</name>
         <load_address>0xfffc</load_address>
         <run_address>0xfffc</run_address>
         <size>0x2</size>
         <input_file_ref idref="fl-47"/>
      </object_component>
      <object_component id="oc-2b8">
         <name>.reset</name>
         <load_address>0xfffe</load_address>
         <run_address>0xfffe</run_address>
         <size>0x2</size>
         <input_file_ref idref="fl-53"/>
      </object_component>
      <object_component id="oc-40a">
         <name>.debug_info</name>
         <load_address>0x0</load_address>
         <run_address>0x0</run_address>
         <size>0x1e6</size>
         <input_file_ref idref="fl-2"/>
      </object_component>
      <object_component id="oc-38c">
         <name>.debug_info</name>
         <load_address>0x1e6</load_address>
         <run_address>0x1e6</run_address>
         <size>0x177</size>
         <input_file_ref idref="fl-2"/>
      </object_component>
      <object_component id="oc-447">
         <name>.debug_info</name>
         <load_address>0x35d</load_address>
         <run_address>0x35d</run_address>
         <size>0x26b</size>
         <input_file_ref idref="fl-2"/>
      </object_component>
      <object_component id="oc-2bf">
         <name>.debug_info</name>
         <load_address>0x5c8</load_address>
         <run_address>0x5c8</run_address>
         <size>0x84</size>
         <input_file_ref idref="fl-2"/>
      </object_component>
      <object_component id="oc-473">
         <name>.debug_info</name>
         <load_address>0x64c</load_address>
         <run_address>0x64c</run_address>
         <size>0x282</size>
         <input_file_ref idref="fl-2"/>
      </object_component>
      <object_component id="oc-40b">
         <name>.debug_info</name>
         <load_address>0x8ce</load_address>
         <run_address>0x8ce</run_address>
         <size>0x2c</size>
         <input_file_ref idref="fl-2"/>
      </object_component>
      <object_component id="oc-3d3">
         <name>.debug_info</name>
         <load_address>0x8fa</load_address>
         <run_address>0x8fa</run_address>
         <size>0x2c0</size>
         <input_file_ref idref="fl-3"/>
      </object_component>
      <object_component id="oc-379">
         <name>.debug_info</name>
         <load_address>0xbba</load_address>
         <run_address>0xbba</run_address>
         <size>0xec</size>
         <input_file_ref idref="fl-3"/>
      </object_component>
      <object_component id="oc-33a">
         <name>.debug_info</name>
         <load_address>0xca6</load_address>
         <run_address>0xca6</run_address>
         <size>0x124</size>
         <input_file_ref idref="fl-3"/>
      </object_component>
      <object_component id="oc-3e5">
         <name>.debug_info</name>
         <load_address>0xdca</load_address>
         <run_address>0xdca</run_address>
         <size>0x126</size>
         <input_file_ref idref="fl-3"/>
      </object_component>
      <object_component id="oc-2dc">
         <name>.debug_info</name>
         <load_address>0xef0</load_address>
         <run_address>0xef0</run_address>
         <size>0x139</size>
         <input_file_ref idref="fl-3"/>
      </object_component>
      <object_component id="oc-388">
         <name>.debug_info</name>
         <load_address>0x1029</load_address>
         <run_address>0x1029</run_address>
         <size>0x14d</size>
         <input_file_ref idref="fl-4"/>
      </object_component>
      <object_component id="oc-354">
         <name>.debug_info</name>
         <load_address>0x1176</load_address>
         <run_address>0x1176</run_address>
         <size>0x11d</size>
         <input_file_ref idref="fl-4"/>
      </object_component>
      <object_component id="oc-32f">
         <name>.debug_info</name>
         <load_address>0x1293</load_address>
         <run_address>0x1293</run_address>
         <size>0x36e</size>
         <input_file_ref idref="fl-5"/>
      </object_component>
      <object_component id="oc-334">
         <name>.debug_info</name>
         <load_address>0x1601</load_address>
         <run_address>0x1601</run_address>
         <size>0x118</size>
         <input_file_ref idref="fl-5"/>
      </object_component>
      <object_component id="oc-3f4">
         <name>.debug_info</name>
         <load_address>0x1719</load_address>
         <run_address>0x1719</run_address>
         <size>0x11c</size>
         <input_file_ref idref="fl-5"/>
      </object_component>
      <object_component id="oc-2d7">
         <name>.debug_info</name>
         <load_address>0x1835</load_address>
         <run_address>0x1835</run_address>
         <size>0x12d</size>
         <input_file_ref idref="fl-5"/>
      </object_component>
      <object_component id="oc-3df">
         <name>.debug_info</name>
         <load_address>0x1962</load_address>
         <run_address>0x1962</run_address>
         <size>0x108</size>
         <input_file_ref idref="fl-7"/>
      </object_component>
      <object_component id="oc-3d7">
         <name>.debug_info</name>
         <load_address>0x1a6a</load_address>
         <run_address>0x1a6a</run_address>
         <size>0x53</size>
         <input_file_ref idref="fl-8"/>
      </object_component>
      <object_component id="oc-3d6">
         <name>.debug_info</name>
         <load_address>0x1abd</load_address>
         <run_address>0x1abd</run_address>
         <size>0x344</size>
         <input_file_ref idref="fl-9"/>
      </object_component>
      <object_component id="oc-37d">
         <name>.debug_info</name>
         <load_address>0x1e01</load_address>
         <run_address>0x1e01</run_address>
         <size>0x115</size>
         <input_file_ref idref="fl-9"/>
      </object_component>
      <object_component id="oc-380">
         <name>.debug_info</name>
         <load_address>0x1f16</load_address>
         <run_address>0x1f16</run_address>
         <size>0xdb</size>
         <input_file_ref idref="fl-9"/>
      </object_component>
      <object_component id="oc-404">
         <name>.debug_info</name>
         <load_address>0x1ff1</load_address>
         <run_address>0x1ff1</run_address>
         <size>0x13b</size>
         <input_file_ref idref="fl-9"/>
      </object_component>
      <object_component id="oc-3eb">
         <name>.debug_info</name>
         <load_address>0x212c</load_address>
         <run_address>0x212c</run_address>
         <size>0x10d</size>
         <input_file_ref idref="fl-9"/>
      </object_component>
      <object_component id="oc-341">
         <name>.debug_info</name>
         <load_address>0x2239</load_address>
         <run_address>0x2239</run_address>
         <size>0x12a</size>
         <input_file_ref idref="fl-9"/>
      </object_component>
      <object_component id="oc-2e4">
         <name>.debug_info</name>
         <load_address>0x2363</load_address>
         <run_address>0x2363</run_address>
         <size>0x131</size>
         <input_file_ref idref="fl-9"/>
      </object_component>
      <object_component id="oc-44c">
         <name>.debug_info</name>
         <load_address>0x2494</load_address>
         <run_address>0x2494</run_address>
         <size>0x35</size>
         <input_file_ref idref="fl-9"/>
      </object_component>
      <object_component id="oc-71">
         <name>.debug_info</name>
         <load_address>0x24c9</load_address>
         <run_address>0x24c9</run_address>
         <size>0x2b8</size>
         <input_file_ref idref="fl-30"/>
      </object_component>
      <object_component id="oc-36f">
         <name>.debug_info</name>
         <load_address>0x2781</load_address>
         <run_address>0x2781</run_address>
         <size>0x46</size>
         <input_file_ref idref="fl-30"/>
      </object_component>
      <object_component id="oc-325">
         <name>.debug_info</name>
         <load_address>0x27c7</load_address>
         <run_address>0x27c7</run_address>
         <size>0x39</size>
         <input_file_ref idref="fl-30"/>
      </object_component>
      <object_component id="oc-2ba">
         <name>.debug_info</name>
         <load_address>0x2800</load_address>
         <run_address>0x2800</run_address>
         <size>0x60</size>
         <input_file_ref idref="fl-30"/>
      </object_component>
      <object_component id="oc-2cf">
         <name>.debug_info</name>
         <load_address>0x2860</load_address>
         <run_address>0x2860</run_address>
         <size>0x1da</size>
         <input_file_ref idref="fl-31"/>
      </object_component>
      <object_component id="oc-75">
         <name>.debug_info</name>
         <load_address>0x2a3a</load_address>
         <run_address>0x2a3a</run_address>
         <size>0x1f2</size>
         <input_file_ref idref="fl-31"/>
      </object_component>
      <object_component id="oc-2ca">
         <name>.debug_info</name>
         <load_address>0x2c2c</load_address>
         <run_address>0x2c2c</run_address>
         <size>0x46</size>
         <input_file_ref idref="fl-31"/>
      </object_component>
      <object_component id="oc-2d1">
         <name>.debug_info</name>
         <load_address>0x2c72</load_address>
         <run_address>0x2c72</run_address>
         <size>0x10f</size>
         <input_file_ref idref="fl-33"/>
      </object_component>
      <object_component id="oc-2e8">
         <name>.debug_info</name>
         <load_address>0x2d81</load_address>
         <run_address>0x2d81</run_address>
         <size>0x1d3</size>
         <input_file_ref idref="fl-48"/>
      </object_component>
      <object_component id="oc-347">
         <name>.debug_info</name>
         <load_address>0x2f54</load_address>
         <run_address>0x2f54</run_address>
         <size>0x46</size>
         <input_file_ref idref="fl-48"/>
      </object_component>
      <object_component id="oc-2c6">
         <name>.debug_info</name>
         <load_address>0x2f9a</load_address>
         <run_address>0x2f9a</run_address>
         <size>0x121</size>
         <input_file_ref idref="fl-49"/>
      </object_component>
      <object_component id="oc-4f6">
         <name>.debug_info</name>
         <load_address>0x30bb</load_address>
         <run_address>0x30bb</run_address>
         <size>0x121</size>
         <input_file_ref idref="fl-4a"/>
      </object_component>
      <object_component id="oc-49a">
         <name>.debug_info</name>
         <load_address>0x31dc</load_address>
         <run_address>0x31dc</run_address>
         <size>0x130</size>
         <input_file_ref idref="fl-4c"/>
      </object_component>
      <object_component id="oc-2b6">
         <name>.debug_info</name>
         <load_address>0x330c</load_address>
         <run_address>0x330c</run_address>
         <size>0x100</size>
         <input_file_ref idref="fl-53"/>
      </object_component>
      <object_component id="oc-312">
         <name>.debug_info</name>
         <load_address>0x340c</load_address>
         <run_address>0x340c</run_address>
         <size>0x193</size>
         <input_file_ref idref="fl-53"/>
      </object_component>
      <object_component id="oc-369">
         <name>.debug_info</name>
         <load_address>0x359f</load_address>
         <run_address>0x359f</run_address>
         <size>0x115</size>
         <input_file_ref idref="fl-54"/>
      </object_component>
      <object_component id="oc-429">
         <name>.debug_info</name>
         <load_address>0x36b4</load_address>
         <run_address>0x36b4</run_address>
         <size>0x409</size>
         <input_file_ref idref="fl-56"/>
      </object_component>
      <object_component id="oc-3ba">
         <name>.debug_info</name>
         <load_address>0x3abd</load_address>
         <run_address>0x3abd</run_address>
         <size>0x216</size>
         <input_file_ref idref="fl-56"/>
      </object_component>
      <object_component id="oc-48f">
         <name>.debug_info</name>
         <load_address>0x3cd3</load_address>
         <run_address>0x3cd3</run_address>
         <size>0x39</size>
         <input_file_ref idref="fl-56"/>
      </object_component>
      <object_component id="oc-4a6">
         <name>.debug_info</name>
         <load_address>0x3d0c</load_address>
         <run_address>0x3d0c</run_address>
         <size>0x2c</size>
         <input_file_ref idref="fl-56"/>
      </object_component>
      <object_component id="oc-434">
         <name>.debug_info</name>
         <load_address>0x3d38</load_address>
         <run_address>0x3d38</run_address>
         <size>0x2c</size>
         <input_file_ref idref="fl-56"/>
      </object_component>
      <object_component id="oc-494">
         <name>.debug_info</name>
         <load_address>0x3d64</load_address>
         <run_address>0x3d64</run_address>
         <size>0xcd</size>
         <input_file_ref idref="fl-56"/>
      </object_component>
      <object_component id="oc-426">
         <name>.debug_info</name>
         <load_address>0x3e31</load_address>
         <run_address>0x3e31</run_address>
         <size>0x150</size>
         <input_file_ref idref="fl-57"/>
      </object_component>
      <object_component id="oc-351">
         <name>.debug_info</name>
         <load_address>0x3f81</load_address>
         <run_address>0x3f81</run_address>
         <size>0x153</size>
         <input_file_ref idref="fl-58"/>
      </object_component>
      <object_component id="oc-457">
         <name>.debug_info</name>
         <load_address>0x40d4</load_address>
         <run_address>0x40d4</run_address>
         <size>0x2c</size>
         <input_file_ref idref="fl-59"/>
      </object_component>
      <object_component id="oc-393">
         <name>.debug_info</name>
         <load_address>0x4100</load_address>
         <run_address>0x4100</run_address>
         <size>0x122</size>
         <input_file_ref idref="fl-5a"/>
      </object_component>
      <object_component id="oc-4cb">
         <name>.debug_info</name>
         <load_address>0x4222</load_address>
         <run_address>0x4222</run_address>
         <size>0x181</size>
         <input_file_ref idref="fl-5d"/>
      </object_component>
      <object_component id="oc-49f">
         <name>.debug_info</name>
         <load_address>0x43a3</load_address>
         <run_address>0x43a3</run_address>
         <size>0x17a</size>
         <input_file_ref idref="fl-5d"/>
      </object_component>
      <object_component id="oc-456">
         <name>.debug_info</name>
         <load_address>0x451d</load_address>
         <run_address>0x451d</run_address>
         <size>0x16d</size>
         <input_file_ref idref="fl-5e"/>
      </object_component>
      <object_component id="oc-3f9">
         <name>.debug_info</name>
         <load_address>0x468a</load_address>
         <run_address>0x468a</run_address>
         <size>0x275</size>
         <input_file_ref idref="fl-5e"/>
      </object_component>
      <object_component id="oc-46f">
         <name>.debug_info</name>
         <load_address>0x48ff</load_address>
         <run_address>0x48ff</run_address>
         <size>0x216</size>
         <input_file_ref idref="fl-60"/>
      </object_component>
      <object_component id="oc-3ff">
         <name>.debug_info</name>
         <load_address>0x4b15</load_address>
         <run_address>0x4b15</run_address>
         <size>0x1fa</size>
         <input_file_ref idref="fl-60"/>
      </object_component>
      <object_component id="oc-45d">
         <name>.debug_info</name>
         <load_address>0x4d0f</load_address>
         <run_address>0x4d0f</run_address>
         <size>0x19b</size>
         <input_file_ref idref="fl-60"/>
      </object_component>
      <object_component id="oc-463">
         <name>.debug_info</name>
         <load_address>0x4eaa</load_address>
         <run_address>0x4eaa</run_address>
         <size>0x170</size>
         <input_file_ref idref="fl-60"/>
      </object_component>
      <object_component id="oc-4e5">
         <name>.debug_info</name>
         <load_address>0x501a</load_address>
         <run_address>0x501a</run_address>
         <size>0x2c</size>
         <input_file_ref idref="fl-60"/>
      </object_component>
      <object_component id="oc-4bc">
         <name>.debug_info</name>
         <load_address>0x5046</load_address>
         <run_address>0x5046</run_address>
         <size>0x434</size>
         <input_file_ref idref="fl-61"/>
      </object_component>
      <object_component id="oc-4d8">
         <name>.debug_info</name>
         <load_address>0x547a</load_address>
         <run_address>0x547a</run_address>
         <size>0x2d3</size>
         <input_file_ref idref="fl-61"/>
      </object_component>
      <object_component id="oc-4b7">
         <name>.debug_info</name>
         <load_address>0x574d</load_address>
         <run_address>0x574d</run_address>
         <size>0x2dc</size>
         <input_file_ref idref="fl-61"/>
      </object_component>
      <object_component id="oc-46a">
         <name>.debug_info</name>
         <load_address>0x5a29</load_address>
         <run_address>0x5a29</run_address>
         <size>0x33d</size>
         <input_file_ref idref="fl-61"/>
      </object_component>
      <object_component id="oc-4bd">
         <name>.debug_info</name>
         <load_address>0x5d66</load_address>
         <run_address>0x5d66</run_address>
         <size>0x86</size>
         <input_file_ref idref="fl-61"/>
      </object_component>
      <object_component id="oc-4f9">
         <name>.debug_info</name>
         <load_address>0x5dec</load_address>
         <run_address>0x5dec</run_address>
         <size>0xa1</size>
         <input_file_ref idref="fl-61"/>
      </object_component>
      <object_component id="oc-4ea">
         <name>.debug_info</name>
         <load_address>0x5e8d</load_address>
         <run_address>0x5e8d</run_address>
         <size>0x39</size>
         <input_file_ref idref="fl-61"/>
      </object_component>
      <object_component id="oc-508">
         <name>.debug_info</name>
         <load_address>0x5ec6</load_address>
         <run_address>0x5ec6</run_address>
         <size>0x7a</size>
         <input_file_ref idref="fl-61"/>
      </object_component>
      <object_component id="oc-501">
         <name>.debug_info</name>
         <load_address>0x5f40</load_address>
         <run_address>0x5f40</run_address>
         <size>0x46</size>
         <input_file_ref idref="fl-61"/>
      </object_component>
      <object_component id="oc-4ff">
         <name>.debug_info</name>
         <load_address>0x5f86</load_address>
         <run_address>0x5f86</run_address>
         <size>0x17f</size>
         <input_file_ref idref="fl-83"/>
      </object_component>
      <object_component id="oc-4dd">
         <name>.debug_info</name>
         <load_address>0x6105</load_address>
         <run_address>0x6105</run_address>
         <size>0x1b8</size>
         <input_file_ref idref="fl-83"/>
      </object_component>
      <object_component id="oc-4d4">
         <name>.debug_info</name>
         <load_address>0x62bd</load_address>
         <run_address>0x62bd</run_address>
         <size>0x162</size>
         <input_file_ref idref="fl-85"/>
      </object_component>
      <object_component id="oc-4b0">
         <name>.debug_info</name>
         <load_address>0x641f</load_address>
         <run_address>0x641f</run_address>
         <size>0x230</size>
         <input_file_ref idref="fl-85"/>
      </object_component>
      <object_component id="oc-579">
         <name>.debug_info</name>
         <load_address>0x664f</load_address>
         <run_address>0x664f</run_address>
         <size>0xb0</size>
      </object_component>
      <object_component id="oc-472">
         <name>.debug_line</name>
         <load_address>0x0</load_address>
         <run_address>0x0</run_address>
         <size>0x7a</size>
         <input_file_ref idref="fl-2"/>
      </object_component>
      <object_component id="oc-390">
         <name>.debug_line</name>
         <load_address>0x7a</load_address>
         <run_address>0x7a</run_address>
         <size>0x45</size>
         <input_file_ref idref="fl-2"/>
      </object_component>
      <object_component id="oc-44a">
         <name>.debug_line</name>
         <load_address>0xbf</load_address>
         <run_address>0xbf</run_address>
         <size>0x72</size>
         <input_file_ref idref="fl-2"/>
      </object_component>
      <object_component id="oc-2c2">
         <name>.debug_line</name>
         <load_address>0x131</load_address>
         <run_address>0x131</run_address>
         <size>0x20</size>
         <input_file_ref idref="fl-2"/>
      </object_component>
      <object_component id="oc-476">
         <name>.debug_line</name>
         <load_address>0x151</load_address>
         <run_address>0x151</run_address>
         <size>0x76</size>
         <input_file_ref idref="fl-2"/>
      </object_component>
      <object_component id="oc-40e">
         <name>.debug_line</name>
         <load_address>0x1c7</load_address>
         <run_address>0x1c7</run_address>
         <size>0x6e</size>
         <input_file_ref idref="fl-2"/>
      </object_component>
      <object_component id="oc-444">
         <name>.debug_line</name>
         <load_address>0x235</load_address>
         <run_address>0x235</run_address>
         <size>0x5c</size>
         <input_file_ref idref="fl-3"/>
      </object_component>
      <object_component id="oc-3d2">
         <name>.debug_line</name>
         <load_address>0x291</load_address>
         <run_address>0x291</run_address>
         <size>0x32</size>
         <input_file_ref idref="fl-3"/>
      </object_component>
      <object_component id="oc-33d">
         <name>.debug_line</name>
         <load_address>0x2c3</load_address>
         <run_address>0x2c3</run_address>
         <size>0x4d</size>
         <input_file_ref idref="fl-3"/>
      </object_component>
      <object_component id="oc-3e8">
         <name>.debug_line</name>
         <load_address>0x310</load_address>
         <run_address>0x310</run_address>
         <size>0x57</size>
         <input_file_ref idref="fl-3"/>
      </object_component>
      <object_component id="oc-2e0">
         <name>.debug_line</name>
         <load_address>0x367</load_address>
         <run_address>0x367</run_address>
         <size>0x49</size>
         <input_file_ref idref="fl-3"/>
      </object_component>
      <object_component id="oc-387">
         <name>.debug_line</name>
         <load_address>0x3b0</load_address>
         <run_address>0x3b0</run_address>
         <size>0x44</size>
         <input_file_ref idref="fl-4"/>
      </object_component>
      <object_component id="oc-357">
         <name>.debug_line</name>
         <load_address>0x3f4</load_address>
         <run_address>0x3f4</run_address>
         <size>0x42</size>
         <input_file_ref idref="fl-4"/>
      </object_component>
      <object_component id="oc-375">
         <name>.debug_line</name>
         <load_address>0x436</load_address>
         <run_address>0x436</run_address>
         <size>0x76</size>
         <input_file_ref idref="fl-5"/>
      </object_component>
      <object_component id="oc-332">
         <name>.debug_line</name>
         <load_address>0x4ac</load_address>
         <run_address>0x4ac</run_address>
         <size>0x49</size>
         <input_file_ref idref="fl-5"/>
      </object_component>
      <object_component id="oc-3f2">
         <name>.debug_line</name>
         <load_address>0x4f5</load_address>
         <run_address>0x4f5</run_address>
         <size>0x4e</size>
         <input_file_ref idref="fl-5"/>
      </object_component>
      <object_component id="oc-2da">
         <name>.debug_line</name>
         <load_address>0x543</load_address>
         <run_address>0x543</run_address>
         <size>0x4e</size>
         <input_file_ref idref="fl-5"/>
      </object_component>
      <object_component id="oc-3e2">
         <name>.debug_line</name>
         <load_address>0x591</load_address>
         <run_address>0x591</run_address>
         <size>0x4f</size>
         <input_file_ref idref="fl-7"/>
      </object_component>
      <object_component id="oc-3da">
         <name>.debug_line</name>
         <load_address>0x5e0</load_address>
         <run_address>0x5e0</run_address>
         <size>0x6e</size>
         <input_file_ref idref="fl-8"/>
      </object_component>
      <object_component id="oc-446">
         <name>.debug_line</name>
         <load_address>0x64e</load_address>
         <run_address>0x64e</run_address>
         <size>0xf7</size>
         <input_file_ref idref="fl-9"/>
      </object_component>
      <object_component id="oc-3d5">
         <name>.debug_line</name>
         <load_address>0x745</load_address>
         <run_address>0x745</run_address>
         <size>0x2d</size>
         <input_file_ref idref="fl-9"/>
      </object_component>
      <object_component id="oc-3dd">
         <name>.debug_line</name>
         <load_address>0x772</load_address>
         <run_address>0x772</run_address>
         <size>0x2d</size>
         <input_file_ref idref="fl-9"/>
      </object_component>
      <object_component id="oc-407">
         <name>.debug_line</name>
         <load_address>0x79f</load_address>
         <run_address>0x79f</run_address>
         <size>0x4d</size>
         <input_file_ref idref="fl-9"/>
      </object_component>
      <object_component id="oc-3ef">
         <name>.debug_line</name>
         <load_address>0x7ec</load_address>
         <run_address>0x7ec</run_address>
         <size>0x48</size>
         <input_file_ref idref="fl-9"/>
      </object_component>
      <object_component id="oc-344">
         <name>.debug_line</name>
         <load_address>0x834</load_address>
         <run_address>0x834</run_address>
         <size>0x6b</size>
         <input_file_ref idref="fl-9"/>
      </object_component>
      <object_component id="oc-2e3">
         <name>.debug_line</name>
         <load_address>0x89f</load_address>
         <run_address>0x89f</run_address>
         <size>0x47</size>
         <input_file_ref idref="fl-9"/>
      </object_component>
      <object_component id="oc-44f">
         <name>.debug_line</name>
         <load_address>0x8e6</load_address>
         <run_address>0x8e6</run_address>
         <size>0x77</size>
         <input_file_ref idref="fl-9"/>
      </object_component>
      <object_component id="oc-73">
         <name>.debug_line</name>
         <load_address>0x95d</load_address>
         <run_address>0x95d</run_address>
         <size>0x9d</size>
         <input_file_ref idref="fl-30"/>
      </object_component>
      <object_component id="oc-372">
         <name>.debug_line</name>
         <load_address>0x9fa</load_address>
         <run_address>0x9fa</run_address>
         <size>0x9a</size>
         <input_file_ref idref="fl-30"/>
      </object_component>
      <object_component id="oc-328">
         <name>.debug_line</name>
         <load_address>0xa94</load_address>
         <run_address>0xa94</run_address>
         <size>0x96</size>
         <input_file_ref idref="fl-30"/>
      </object_component>
      <object_component id="oc-2bd">
         <name>.debug_line</name>
         <load_address>0xb2a</load_address>
         <run_address>0xb2a</run_address>
         <size>0x3a</size>
         <input_file_ref idref="fl-30"/>
      </object_component>
      <object_component id="oc-32c">
         <name>.debug_line</name>
         <load_address>0xb64</load_address>
         <run_address>0xb64</run_address>
         <size>0x3a</size>
         <input_file_ref idref="fl-31"/>
      </object_component>
      <object_component id="oc-78">
         <name>.debug_line</name>
         <load_address>0xb9e</load_address>
         <run_address>0xb9e</run_address>
         <size>0x50</size>
         <input_file_ref idref="fl-31"/>
      </object_component>
      <object_component id="oc-2cd">
         <name>.debug_line</name>
         <load_address>0xbee</load_address>
         <run_address>0xbee</run_address>
         <size>0x3a</size>
         <input_file_ref idref="fl-31"/>
      </object_component>
      <object_component id="oc-2d4">
         <name>.debug_line</name>
         <load_address>0xc28</load_address>
         <run_address>0xc28</run_address>
         <size>0x3d</size>
         <input_file_ref idref="fl-33"/>
      </object_component>
      <object_component id="oc-2eb">
         <name>.debug_line</name>
         <load_address>0xc65</load_address>
         <run_address>0xc65</run_address>
         <size>0x53</size>
         <input_file_ref idref="fl-48"/>
      </object_component>
      <object_component id="oc-34a">
         <name>.debug_line</name>
         <load_address>0xcb8</load_address>
         <run_address>0xcb8</run_address>
         <size>0x34</size>
         <input_file_ref idref="fl-48"/>
      </object_component>
      <object_component id="oc-2c8">
         <name>.debug_line</name>
         <load_address>0xcec</load_address>
         <run_address>0xcec</run_address>
         <size>0x52</size>
         <input_file_ref idref="fl-49"/>
      </object_component>
      <object_component id="oc-4f5">
         <name>.debug_line</name>
         <load_address>0xd3e</load_address>
         <run_address>0xd3e</run_address>
         <size>0x43</size>
         <input_file_ref idref="fl-4a"/>
      </object_component>
      <object_component id="oc-49d">
         <name>.debug_line</name>
         <load_address>0xd81</load_address>
         <run_address>0xd81</run_address>
         <size>0x46</size>
         <input_file_ref idref="fl-4c"/>
      </object_component>
      <object_component id="oc-324">
         <name>.debug_line</name>
         <load_address>0xdc7</load_address>
         <run_address>0xdc7</run_address>
         <size>0x2a</size>
         <input_file_ref idref="fl-53"/>
      </object_component>
      <object_component id="oc-316">
         <name>.debug_line</name>
         <load_address>0xdf1</load_address>
         <run_address>0xdf1</run_address>
         <size>0x4b</size>
         <input_file_ref idref="fl-53"/>
      </object_component>
      <object_component id="oc-368">
         <name>.debug_line</name>
         <load_address>0xe3c</load_address>
         <run_address>0xe3c</run_address>
         <size>0x4e</size>
         <input_file_ref idref="fl-54"/>
      </object_component>
      <object_component id="oc-48e">
         <name>.debug_line</name>
         <load_address>0xe8a</load_address>
         <run_address>0xe8a</run_address>
         <size>0xbf</size>
         <input_file_ref idref="fl-56"/>
      </object_component>
      <object_component id="oc-3b9">
         <name>.debug_line</name>
         <load_address>0xf49</load_address>
         <run_address>0xf49</run_address>
         <size>0x84</size>
         <input_file_ref idref="fl-56"/>
      </object_component>
      <object_component id="oc-492">
         <name>.debug_line</name>
         <load_address>0xfcd</load_address>
         <run_address>0xfcd</run_address>
         <size>0x2e</size>
         <input_file_ref idref="fl-56"/>
      </object_component>
      <object_component id="oc-4a9">
         <name>.debug_line</name>
         <load_address>0xffb</load_address>
         <run_address>0xffb</run_address>
         <size>0x9a</size>
         <input_file_ref idref="fl-56"/>
      </object_component>
      <object_component id="oc-437">
         <name>.debug_line</name>
         <load_address>0x1095</load_address>
         <run_address>0x1095</run_address>
         <size>0x97</size>
         <input_file_ref idref="fl-56"/>
      </object_component>
      <object_component id="oc-497">
         <name>.debug_line</name>
         <load_address>0x112c</load_address>
         <run_address>0x112c</run_address>
         <size>0x93</size>
         <input_file_ref idref="fl-56"/>
      </object_component>
      <object_component id="oc-423">
         <name>.debug_line</name>
         <load_address>0x11bf</load_address>
         <run_address>0x11bf</run_address>
         <size>0x3a</size>
         <input_file_ref idref="fl-57"/>
      </object_component>
      <object_component id="oc-350">
         <name>.debug_line</name>
         <load_address>0x11f9</load_address>
         <run_address>0x11f9</run_address>
         <size>0x3e</size>
         <input_file_ref idref="fl-58"/>
      </object_component>
      <object_component id="oc-45a">
         <name>.debug_line</name>
         <load_address>0x1237</load_address>
         <run_address>0x1237</run_address>
         <size>0x92</size>
         <input_file_ref idref="fl-59"/>
      </object_component>
      <object_component id="oc-397">
         <name>.debug_line</name>
         <load_address>0x12c9</load_address>
         <run_address>0x12c9</run_address>
         <size>0x3d</size>
         <input_file_ref idref="fl-5a"/>
      </object_component>
      <object_component id="oc-4f0">
         <name>.debug_line</name>
         <load_address>0x1306</load_address>
         <run_address>0x1306</run_address>
         <size>0x20</size>
         <input_file_ref idref="fl-5d"/>
      </object_component>
      <object_component id="oc-4a3">
         <name>.debug_line</name>
         <load_address>0x1326</load_address>
         <run_address>0x1326</run_address>
         <size>0x42</size>
         <input_file_ref idref="fl-5d"/>
      </object_component>
      <object_component id="oc-4ac">
         <name>.debug_line</name>
         <load_address>0x1368</load_address>
         <run_address>0x1368</run_address>
         <size>0x20</size>
         <input_file_ref idref="fl-5e"/>
      </object_component>
      <object_component id="oc-3f8">
         <name>.debug_line</name>
         <load_address>0x1388</load_address>
         <run_address>0x1388</run_address>
         <size>0xae</size>
         <input_file_ref idref="fl-5e"/>
      </object_component>
      <object_component id="oc-4c3">
         <name>.debug_line</name>
         <load_address>0x1436</load_address>
         <run_address>0x1436</run_address>
         <size>0x2e</size>
         <input_file_ref idref="fl-60"/>
      </object_component>
      <object_component id="oc-3fe">
         <name>.debug_line</name>
         <load_address>0x1464</load_address>
         <run_address>0x1464</run_address>
         <size>0x48</size>
         <input_file_ref idref="fl-60"/>
      </object_component>
      <object_component id="oc-461">
         <name>.debug_line</name>
         <load_address>0x14ac</load_address>
         <run_address>0x14ac</run_address>
         <size>0x43</size>
         <input_file_ref idref="fl-60"/>
      </object_component>
      <object_component id="oc-467">
         <name>.debug_line</name>
         <load_address>0x14ef</load_address>
         <run_address>0x14ef</run_address>
         <size>0x3e</size>
         <input_file_ref idref="fl-60"/>
      </object_component>
      <object_component id="oc-4e8">
         <name>.debug_line</name>
         <load_address>0x152d</load_address>
         <run_address>0x152d</run_address>
         <size>0x91</size>
         <input_file_ref idref="fl-60"/>
      </object_component>
      <object_component id="oc-4e4">
         <name>.debug_line</name>
         <load_address>0x15be</load_address>
         <run_address>0x15be</run_address>
         <size>0x2de</size>
         <input_file_ref idref="fl-61"/>
      </object_component>
      <object_component id="oc-4db">
         <name>.debug_line</name>
         <load_address>0x189c</load_address>
         <run_address>0x189c</run_address>
         <size>0xb0</size>
         <input_file_ref idref="fl-61"/>
      </object_component>
      <object_component id="oc-4b9">
         <name>.debug_line</name>
         <load_address>0x194c</load_address>
         <run_address>0x194c</run_address>
         <size>0x9e</size>
         <input_file_ref idref="fl-61"/>
      </object_component>
      <object_component id="oc-46d">
         <name>.debug_line</name>
         <load_address>0x19ea</load_address>
         <run_address>0x19ea</run_address>
         <size>0xa7</size>
         <input_file_ref idref="fl-61"/>
      </object_component>
      <object_component id="oc-4c0">
         <name>.debug_line</name>
         <load_address>0x1a91</load_address>
         <run_address>0x1a91</run_address>
         <size>0x92</size>
         <input_file_ref idref="fl-61"/>
      </object_component>
      <object_component id="oc-4fc">
         <name>.debug_line</name>
         <load_address>0x1b23</load_address>
         <run_address>0x1b23</run_address>
         <size>0x37</size>
         <input_file_ref idref="fl-61"/>
      </object_component>
      <object_component id="oc-4ed">
         <name>.debug_line</name>
         <load_address>0x1b5a</load_address>
         <run_address>0x1b5a</run_address>
         <size>0x92</size>
         <input_file_ref idref="fl-61"/>
      </object_component>
      <object_component id="oc-50b">
         <name>.debug_line</name>
         <load_address>0x1bec</load_address>
         <run_address>0x1bec</run_address>
         <size>0x9a</size>
         <input_file_ref idref="fl-61"/>
      </object_component>
      <object_component id="oc-504">
         <name>.debug_line</name>
         <load_address>0x1c86</load_address>
         <run_address>0x1c86</run_address>
         <size>0x97</size>
         <input_file_ref idref="fl-61"/>
      </object_component>
      <object_component id="oc-507">
         <name>.debug_line</name>
[...]
      </symbol>
      <symbol id="sm-1d1">
         <name>UCB0CTLW1_L</name>
         <value>0x642</value>
      </symbol>
      <symbol id="sm-1d2">
         <name>UCB0CTLW1_H</name>
         <value>0x643</value>
      </symbol>
      <symbol id="sm-1d3">
         <name>UCB0BRW</name>
         <value>0x646</value>
      </symbol>
      <symbol id="sm-1d4">
         <name>UCB0BRW_L</name>
         <value>0x646</value>
      </symbol>
      <symbol id="sm-1d5">
         <name>UCB0BRW_H</name>
         <value>0x647</value>
      </symbol>
      <symbol id="sm-1d6">
         <name>UCB0STATW</name>
         <value>0x648</value>
      </symbol>
      <symbol id="sm-1d7">
         <name>UCB0STATW_L</name>
         <value>0x648</value>
      </symbol>
      <symbol id="sm-1d8">
         <name>UCB0STATW_H</name>
         <value>0x649</value>
      </symbol>
      <symbol id="sm-1d9">
         <name>UCB0TBCNT</name>
         <value>0x64a</value>
      </symbol>
      <symbol id="sm-1da">
         <name>UCB0TBCNT_L</name>
         <value>0x64a</value>
      </symbol>
      <symbol id="sm-1db">
         <name>UCB0TBCNT_H</name>
         <value>0x64b</value>
      </symbol>
      <symbol id="sm-1dc">
         <name>UCB0RXBUF</name>
         <value>0x64c</value>
      </symbol>
      <symbol id="sm-1dd">
         <name>UCB0RXBUF_L</name>
         <value>0x64c</value>
      </symbol>
      <symbol id="sm-1de">
         <name>UCB0RXBUF_H</name>
         <value>0x64d</value>
      </symbol>
      <symbol id="sm-1df">
         <name>UCB0TXBUF</name>
         <value>0x64e</value>
      </symbol>
      <symbol id="sm-1e0">
         <name>UCB0TXBUF_L</name>
         <value>0x64e</value>
      </symbol>
      <symbol id="sm-1e1">
         <name>UCB0TXBUF_H</name>
         <value>0x64f</value>
      </symbol>
      <symbol id="sm-1e2">
         <name>UCB0I2COA0</name>
         <value>0x654</value>
      </symbol>
      <symbol id="sm-1e3">
         <name>UCB0I2COA0_L</name>
         <value>0x654</value>
      </symbol>
      <symbol id="sm-1e4">
         <name>UCB0I2COA0_H</name>
         <value>0x655</value>
      </symbol>
      <symbol id="sm-1e5">
         <name>UCB0I2COA1</name>
         <value>0x656</value>
      </symbol>
      <symbol id="sm-1e6">
         <name>UCB0I2COA1_L</name>
         <value>0x656</value>
      </symbol>
      <symbol id="sm-1e7">
         <name>UCB0I2COA1_H</name>
         <value>0x657</value>
      </symbol>
      <symbol id="sm-1e8">
         <name>UCB0I2COA2</name>
         <value>0x658</value>
      </symbol>
      <symbol id="sm-1e9">
         <name>UCB0I2COA2_L</name>
         <value>0x658</value>
      </symbol>
      <symbol id="sm-1ea">
         <name>UCB0I2COA2_H</name>
         <value>0x659</value>
      </symbol>
      <symbol id="sm-1eb">
         <name>UCB0I2COA3</name>
         <value>0x65a</value>
      </symbol>
      <symbol id="sm-1ec">
         <name>UCB0I2COA3_L</name>
         <value>0x65a</value>
      </symbol>
      <symbol id="sm-1ed">
         <name>UCB0I2COA3_H</name>
         <value>0x65b</value>
      </symbol>
      <symbol id="sm-1ee">
         <name>UCB0ADDRX</name>
         <value>0x65c</value>
      </symbol>
      <symbol id="sm-1ef">
         <name>UCB0ADDRX_L</name>
         <value>0x65c</value>
      </symbol>
      <symbol id="sm-1f0">
         <name>UCB0ADDRX_H</name>
         <value>0x65d</value>
      </symbol>
      <symbol id="sm-1f1">
         <name>UCB0ADDMASK</name>
         <value>0x65e</value>
      </symbol>
      <symbol id="sm-1f2">
         <name>UCB0ADDMASK_L</name>
         <value>0x65e</value>
      </symbol>
      <symbol id="sm-1f3">
         <name>UCB0ADDMASK_H</name>
         <value>0x65f</value>
      </symbol>
      <symbol id="sm-1f4">
         <name>UCB0I2CSA</name>
         <value>0x660</value>
      </symbol>
      <symbol id="sm-1f5">
         <name>UCB0I2CSA_L</name>
         <value>0x660</value>
      </symbol>
      <symbol id="sm-1f6">
         <name>UCB0I2CSA_H</name>
         <value>0x661</value>
      </symbol>
      <symbol id="sm-1f7">
         <name>UCB0IE</name>
         <value>0x66a</value>
      </symbol>
      <symbol id="sm-1f8">
         <name>UCB0IE_L</name>
         <value>0x66a</value>
      </symbol>
      <symbol id="sm-1f9">
         <name>UCB0IE_H</name>
         <value>0x66b</value>
      </symbol>
      <symbol id="sm-1fa">
         <name>UCB0IFG</name>
         <value>0x66c</value>
      </symbol>
      <symbol id="sm-1fb">
         <name>UCB0IFG_L</name>
         <value>0x66c</value>
      </symbol>
      <symbol id="sm-1fc">
         <name>UCB0IFG_H</name>
         <value>0x66d</value>
      </symbol>
      <symbol id="sm-1fd">
         <name>UCB0IV</name>
         <value>0x66e</value>
      </symbol>
      <symbol id="sm-1fe">
         <name>UCA1CTLW0</name>
         <value>0x5e0</value>
      </symbol>
      <symbol id="sm-1ff">
         <name>UCA1CTLW0_L</name>
         <value>0x5e0</value>
      </symbol>
      <symbol id="sm-200">
         <name>UCA1CTLW0_H</name>
         <value>0x5e1</value>
      </symbol>
      <symbol id="sm-201">
         <name>UCA1CTLW1</name>
         <value>0x5e2</value>
      </symbol>
      <symbol id="sm-202">
         <name>UCA1CTLW1_L</name>
         <value>0x5e2</value>
      </symbol>
      <symbol id="sm-203">
         <name>UCA1CTLW1_H</name>
         <value>0x5e3</value>
      </symbol>
      <symbol id="sm-204">
         <name>UCA1BRW</name>
         <value>0x5e6</value>
      </symbol>
      <symbol id="sm-205">
         <name>UCA1BRW_L</name>
         <value>0x5e6</value>
      </symbol>
      <symbol id="sm-206">
         <name>UCA1BRW_H</name>
         <value>0x5e7</value>
      </symbol>
      <symbol id="sm-207">
         <name>UCA1MCTLW</name>
         <value>0x5e8</value>
      </symbol>
      <symbol id="sm-208">
         <name>UCA1MCTLW_L</name>
         <value>0x5e8</value>
      </symbol>
      <symbol id="sm-209">
         <name>UCA1MCTLW_H</name>
         <value>0x5e9</value>
      </symbol>
      <symbol id="sm-20a">
         <name>UCA1STATW</name>
         <value>0x5ea</value>
      </symbol>
      <symbol id="sm-20b">
         <name>UCA1RXBUF</name>
         <value>0x5ec</value>
      </symbol>
      <symbol id="sm-20c">
         <name>UCA1RXBUF_L</name>
         <value>0x5ec</value>
      </symbol>
      <symbol id="sm-20d">
         <name>UCA1RXBUF_H</name>
         <value>0x5ed</value>
      </symbol>
      <symbol id="sm-20e">
         <name>UCA1TXBUF</name>
         <value>0x5ee</value>
      </symbol>
      <symbol id="sm-20f">
         <name>UCA1TXBUF_L</name>
         <value>0x5ee</value>
      </symbol>
      <symbol id="sm-210">
         <name>UCA1TXBUF_H</name>
         <value>0x5ef</value>
      </symbol>
      <symbol id="sm-211">
         <name>UCA1ABCTL</name>
         <value>0x5f0</value>
      </symbol>
      <symbol id="sm-212">
         <name>UCA1IRCTL</name>
         <value>0x5f2</value>
      </symbol>
      <symbol id="sm-213">
         <name>UCA1IRCTL_L</name>
         <value>0x5f2</value>
      </symbol>
      <symbol id="sm-214">
         <name>UCA1IRCTL_H</name>
         <value>0x5f3</value>
      </symbol>
      <symbol id="sm-215">
         <name>UCA1IE</name>
         <value>0x5fa</value>
      </symbol>
      <symbol id="sm-216">
         <name>UCA1IE_L</name>
         <value>0x5fa</value>
      </symbol>
      <symbol id="sm-217">
         <name>UCA1IE_H</name>
         <value>0x5fb</value>
      </symbol>
      <symbol id="sm-218">
         <name>UCA1IFG</name>
         <value>0x5fc</value>
      </symbol>
      <symbol id="sm-219">
         <name>UCA1IFG_L</name>
         <value>0x5fc</value>
      </symbol>
      <symbol id="sm-21a">
         <name>UCA1IFG_H</name>
         <value>0x5fd</value>
      </symbol>
      <symbol id="sm-21b">
         <name>UCA1IV</name>
         <value>0x5fe</value>
      </symbol>
      <symbol id="sm-21c">
         <name>WDTCTL</name>
         <value>0x15c</value>
      </symbol>
      <symbol id="sm-21d">
         <name>WDTCTL_L</name>
         <value>0x15c</value>
      </symbol>
      <symbol id="sm-21e">
         <name>WDTCTL_H</name>
         <value>0x15d</value>
      </symbol>
      <symbol id="sm-21f">
         <name>fram_rw_start</name>
         <value>0xc200</value>
      </symbol>
      <symbol id="sm-220">
         <name>fram_ro_start</name>
         <value>0xc200</value>
      </symbol>
      <symbol id="sm-221">
         <name>fram_rx_start</name>
         <value>0xc400</value>
      </symbol>
      <symbol id="sm-222">
         <name>__TI_CINIT_Base</name>
         <value>0xc21e</value>
      </symbol>
      <symbol id="sm-223">
         <name>__TI_CINIT_Limit</name>
         <value>0xc22e</value>
      </symbol>
      <symbol id="sm-224">
         <name>__TI_CINIT_Warm</name>
         <value>0xc22e</value>
      </symbol>
      <symbol id="sm-225">
         <name>__TI_Handler_Table_Base</name>
         <value>0xc200</value>
      </symbol>
      <symbol id="sm-226">
         <name>__TI_Handler_Table_Limit</name>
         <value>0xc20c</value>
      </symbol>
      <symbol id="sm-227">
         <name>__STACK_SIZE</name>
         <value>0xa0</value>
      </symbol>
      <symbol id="sm-228">
         <name>__STACK_END</name>
         <value>0x2000</value>
      </symbol>
      <symbol id="sm-229">
         <name>__c_args__</name>
         <value>0xffffffff</value>
      </symbol>
      <symbol id="sm-22a">
         <name>__TI_pprof_out_hndl</name>
         <value>0xffffffff</value>
      </symbol>
      <symbol id="sm-22b">
         <name>__TI_prof_data_start</name>
         <value>0xffffffff</value>
      </symbol>
      <symbol id="sm-22c">
         <name>__TI_prof_data_size</name>
         <value>0xffffffff</value>
      </symbol>
      <symbol id="sm-2a2">
         <name>dbg_printf</name>
         <value>0xcaa8</value>
         <object_component_ref idref="oc-38b"/>
      </symbol>
      <symbol id="sm-2c2">
         <name>GearMotorOn</name>
         <value>0x1c06</value>
         <object_component_ref idref="oc-378"/>
      </symbol>
      <symbol id="sm-2c3">
         <name>TIMER1_A0_ISR</name>
         <value>0xcc7c</value>
         <object_component_ref idref="oc-2db"/>
      </symbol>
      <symbol id="sm-2c4">
         <name>__TI_int41</name>
         <value>0xffe2</value>
         <object_component_ref idref="oc-84"/>
      </symbol>
      <symbol id="sm-2c5">
         <name>init_gearmotor</name>
         <value>0xc880</value>
         <object_component_ref idref="oc-3e4"/>
      </symbol>
      <symbol id="sm-2c6">
         <name>stopGearMotor</name>
         <value>0xcb60</value>
         <object_component_ref idref="oc-338"/>
      </symbol>
      <symbol id="sm-2d9">
         <name>main</name>
         <value>0xcb9e</value>
         <object_component_ref idref="oc-353"/>
      </symbol>
      <symbol id="sm-2da">
         <name>init</name>
         <value>0xcbd0</value>
         <object_component_ref idref="oc-384"/>
      </symbol>
      <symbol id="sm-2f8">
         <name>motor_increment</name>
         <value>0x1c0a</value>
      </symbol>
      <symbol id="sm-2f9">
         <name>motor_state</name>
         <value>0x1c0c</value>
      </symbol>
      <symbol id="sm-2fa">
         <name>__TI_int38</name>
         <value>0xffdc</value>
         <object_component_ref idref="oc-81"/>
      </symbol>
      <symbol id="sm-2fb">
         <name>TIMER1_B0_ISR</name>
         <value>0xcad4</value>
         <object_component_ref idref="oc-2d5"/>
      </symbol>
      <symbol id="sm-2fc">
         <name>init_Main_Motor</name>
         <value>0xc940</value>
         <object_component_ref idref="oc-3f0"/>
      </symbol>
      <symbol id="sm-2fd">
         <name>stopMainMotor</name>
         <value>0xcb80</value>
         <object_component_ref idref="oc-331"/>
      </symbol>
      <symbol id="sm-307">
         <name>init_spi</name>
         <value>0xc8e4</value>
         <object_component_ref idref="oc-3de"/>
      </symbol>
      <symbol id="sm-34b">
         <name>bufpos</name>
         <value>0x1c02</value>
         <object_component_ref idref="oc-37c"/>
      </symbol>
      <symbol id="sm-34c">
         <name>rxbuf</name>
         <value>0x1c08</value>
         <object_component_ref idref="oc-37f"/>
      </symbol>
      <symbol id="sm-34d">
         <name>__TI_int43</name>
         <value>0xffe6</value>
         <object_component_ref idref="oc-86"/>
      </symbol>
      <symbol id="sm-34e">
         <name>USCI_A1_ISR</name>
         <value>0xcc18</value>
         <object_component_ref idref="oc-2e1"/>
      </symbol>
      <symbol id="sm-34f">
         <name>putString</name>
         <value>0xcbe8</value>
         <object_component_ref idref="oc-403"/>
      </symbol>
      <symbol id="sm-350">
         <name>init_uart</name>
         <value>0xca78</value>
         <object_component_ref idref="oc-3ea"/>
      </symbol>
      <symbol id="sm-371">
         <name>__TI_decompress_lzss</name>
         <value>0xc50e</value>
         <object_component_ref idref="oc-6e"/>
      </symbol>
      <symbol id="sm-382">
         <name>__TI_decompress_none</name>
         <value>0xca08</value>
         <object_component_ref idref="oc-74"/>
      </symbol>
      <symbol id="sm-385">
         <name>__TI_int31</name>
         <value>0xffce</value>
         <object_component_ref idref="oc-7a"/>
      </symbol>
      <symbol id="sm-38d">
         <name>__TI_ISR_TRAP</name>
         <value>0xcc98</value>
         <object_component_ref idref="oc-2d0"/>
      </symbol>
      <symbol id="sm-390">
         <name>__TI_int32</name>
         <value>0xffd0</value>
         <object_component_ref idref="oc-7b"/>
      </symbol>
      <symbol id="sm-393">
         <name>__TI_int33</name>
         <value>0xffd2</value>
         <object_component_ref idref="oc-7c"/>
      </symbol>
      <symbol id="sm-396">
         <name>__TI_int34</name>
         <value>0xffd4</value>
         <object_component_ref idref="oc-7d"/>
      </symbol>
      <symbol id="sm-399">
         <name>__TI_int35</name>
         <value>0xffd6</value>
         <object_component_ref idref="oc-7e"/>
      </symbol>
      <symbol id="sm-39c">
         <name>__TI_int36</name>
         <value>0xffd8</value>
         <object_component_ref idref="oc-7f"/>
      </symbol>
      <symbol id="sm-39f">
         <name>__TI_int37</name>
         <value>0xffda</value>
         <object_component_ref idref="oc-80"/>
      </symbol>
      <symbol id="sm-3a2">
         <name>__TI_int39</name>
         <value>0xffde</value>
         <object_component_ref idref="oc-82"/>
      </symbol>
      <symbol id="sm-3a5">
         <name>__TI_int40</name>
         <value>0xffe0</value>
         <object_component_ref idref="oc-83"/>
      </symbol>
      <symbol id="sm-3a8">
         <name>__TI_int42</name>
         <value>0xffe4</value>
         <object_component_ref idref="oc-85"/>
      </symbol>
      <symbol id="sm-3ab">
         <name>__TI_int44</name>
         <value>0xffe8</value>
         <object_component_ref idref="oc-87"/>
      </symbol>
      <symbol id="sm-3ae">
         <name>__TI_int45</name>
         <value>0xffea</value>
         <object_component_ref idref="oc-88"/>
      </symbol>
      <symbol id="sm-3b1">
         <name>__TI_int46</name>
         <value>0xffec</value>
         <object_component_ref idref="oc-89"/>
      </symbol>
      <symbol id="sm-3b4">
         <name>__TI_int47</name>
         <value>0xffee</value>
         <object_component_ref idref="oc-8a"/>
      </symbol>
      <symbol id="sm-3b7">
         <name>__TI_int48</name>
         <value>0xfff0</value>
         <object_component_ref idref="oc-8b"/>
      </symbol>
      <symbol id="sm-3ba">
         <name>__TI_int49</name>
         <value>0xfff2</value>
         <object_component_ref idref="oc-8c"/>
      </symbol>
      <symbol id="sm-3bd">
         <name>__TI_int50</name>
         <value>0xfff4</value>
         <object_component_ref idref="oc-8d"/>
      </symbol>
      <symbol id="sm-3c0">
         <name>__TI_int51</name>
         <value>0xfff6</value>
         <object_component_ref idref="oc-8e"/>
      </symbol>
      <symbol id="sm-3c3">
         <name>__TI_int52</name>
         <value>0xfff8</value>
         <object_component_ref idref="oc-8f"/>
      </symbol>
      <symbol id="sm-3c6">
         <name>__TI_int53</name>
         <value>0xfffa</value>
         <object_component_ref idref="oc-90"/>
      </symbol>
      <symbol id="sm-3c9">
         <name>__TI_int54</name>
         <value>0xfffc</value>
         <object_component_ref idref="oc-91"/>
      </symbol>
      <symbol id="sm-3d9">
         <name>__TI_zero_init_nomemset</name>
         <value>0xc9ca</value>
         <object_component_ref idref="oc-2e7"/>
      </symbol>
      <symbol id="sm-3e4">
         <name>__memcpy_far</name>
         <value>0xc98a</value>
         <object_component_ref idref="oc-2c4"/>
      </symbol>
      <symbol id="sm-3ee">
         <name>__mspabi_remu</name>
         <value>0xcc2e</value>
         <object_component_ref idref="oc-4f3"/>
      </symbol>
      <symbol id="sm-3ef">
         <name>__mspabi_divu</name>
         <value>0xcc2e</value>
         <object_component_ref idref="oc-4f3"/>
      </symbol>
      <symbol id="sm-3f8">
         <name>__mspabi_mpyi_f5hw</name>
         <value>0xcc00</value>
         <object_component_ref idref="oc-499"/>
      </symbol>
      <symbol id="sm-40e">
         <name>_c_int00_noargs_mpu</name>
         <value>0xcb40</value>
         <object_component_ref idref="oc-311"/>
      </symbol>
      <symbol id="sm-40f">
         <name>_stack</name>
         <value>0x1f60</value>
         <object_component_ref idref="oc-2b5"/>
      </symbol>
      <symbol id="sm-410">
         <name>_reset_vector</name>
         <value>0xfffe</value>
         <object_component_ref idref="oc-2b8"/>
      </symbol>
      <symbol id="sm-419">
         <name>__mpu_init</name>
         <value>0xcafc</value>
         <object_component_ref idref="oc-365"/>
      </symbol>
      <symbol id="sm-43c">
         <name>__TI_auto_init_nobinit_nopinit_hold_wdt</name>
         <value>0xc816</value>
         <object_component_ref idref="oc-3b6"/>
      </symbol>
      <symbol id="sm-445">
         <name>_system_post_cinit</name>
         <value>0xccaa</value>
         <object_component_ref idref="oc-422"/>
      </symbol>
      <symbol id="sm-44e">
         <name>_system_pre_init</name>
         <value>0xcca6</value>
         <object_component_ref idref="oc-34d"/>
      </symbol>
      <symbol id="sm-45e">
         <name>C$$EXIT</name>
         <value>0xcca0</value>
         <object_component_ref idref="oc-392"/>
      </symbol>
      <symbol id="sm-45f">
         <name>abort</name>
         <value>0xcca0</value>
         <object_component_ref idref="oc-392"/>
      </symbol>
      <symbol id="sm-46f">
         <name>memcpy</name>
         <value>0xcc6a</value>
         <object_component_ref idref="oc-49e"/>
      </symbol>
      <symbol id="sm-47d">
         <name>memset</name>
         <value>0xcc44</value>
         <object_component_ref idref="oc-3f7"/>
      </symbol>
      <symbol id="sm-49f">
         <name>vsprintf</name>
         <value>0xca44</value>
         <object_component_ref idref="oc-3fd"/>
      </symbol>
      <symbol id="sm-4f8">
         <name>__TI_printfi_minimal</name>
         <value>0xc5fc</value>
         <object_component_ref idref="oc-468"/>
      </symbol>
      <symbol id="sm-528">
         <name>memccpy</name>
         <value>0xcb1e</value>
         <object_component_ref idref="oc-4dc"/>
      </symbol>
      <symbol id="sm-536">
         <name>strlen</name>
         <value>0xcc8a</value>
         <object_component_ref idref="oc-4af"/>
      </symbol>
   </symbol_table>
   <title>Link successful</title>
</link_info>
